[0/5] Performing build step for 'lagom'
[1/29] Building CXX object Userland/Libraries/LibCore/CMakeFiles/LibCore.dir/home/d4gobert/devel/serenity/AK/URL.cpp.o
[2/29] Linking CXX shared library Userland/Libraries/LibCore/liblagom-core.so.0.0.0
[3/29] Creating library symlink Userland/Libraries/LibCore/liblagom-core.so.0 Userland/Libraries/LibCore/liblagom-core.so
[4/29] Linking CXX shared library Userland/Libraries/LibIDL/liblagom-idl.so.0.0.0
[5/29] Linking CXX executable Tools/CodeGenerators/LibEDID/GeneratePnpIDsData
[6/29] Linking CXX executable Tools/CodeGenerators/IPCCompiler/IPCCompiler
[7/29] Creating library symlink Userland/Libraries/LibIDL/liblagom-idl.so.0 Userland/Libraries/LibIDL/liblagom-idl.so
[8/29] Linking CXX executable Tools/CodeGenerators/LibGL/GenerateGLAPIWrapper
[9/29] Linking CXX executable Tools/CodeGenerators/LibLocale/GenerateNumberFormatData
[10/29] Linking CXX executable Tools/CodeGenerators/LibLocale/GeneratePluralRulesData
[11/29] Linking CXX executable Tools/CodeGenerators/LibLocale/GenerateLocaleData
[12/29] Linking CXX executable Tools/CodeGenerators/LibLocale/GenerateRelativeTimeFormatData
[13/29] Linking CXX executable Tools/CodeGenerators/LibTimeZone/GenerateTimeZoneData
[14/29] Linking CXX executable Tools/CodeGenerators/LibUnicode/GenerateEmojiData
[15/29] Linking CXX executable Tools/CodeGenerators/LibUnicode/GenerateUnicodeData
[16/29] Linking CXX executable Tools/CodeGenerators/LibWeb/GenerateCSSEnums
[17/29] Generating TimeZoneData.h, TimeZoneData.cpp
[18/28] Linking CXX executable Tools/CodeGenerators/LibWeb/GenerateCSSMediaFeatureID
[19/28] Linking CXX executable Tools/CodeGenerators/LibWeb/GenerateCSSPropertyID
[20/28] Linking CXX executable Tools/CodeGenerators/LibWeb/GenerateCSSTransformFunctions
[21/28] Linking CXX executable Tools/CodeGenerators/LibWeb/GenerateCSSValueID
[22/28] Linking CXX executable Tools/CodeGenerators/LibWeb/BindingsGenerator/BindingsGenerator
[23/28] Linking CXX executable Tools/CodeGenerators/LibWeb/GenerateWindowOrWorkerInterfaces
[24/28] Linking CXX executable Tools/CodeGenerators/StateMachineGenerator/StateMachineGenerator
[25/28] Linking CXX executable Tools/ConfigureComponents/ConfigureComponents
[26/28] Linking CXX executable Tools/IPCMagicLinter/IPCMagicLinter
[27/28] Building CXX object Tools/CodeGenerators/LibLocale/CMakeFiles/GenerateDateTimeFormatData.dir/GenerateDateTimeFormatData.cpp.o
[28/28] Linking CXX executable Tools/CodeGenerators/LibLocale/GenerateDateTimeFormatData
[1/5] Performing install step for 'lagom'
-- Install configuration: ""
-- Set runtime path of "/home/d4gobert/devel/serenity/Build/superbuild-x86_64/../lagom-install/lib64/liblagom-core.so.0.0.0" to "$ORIGIN:$ORIGIN/../lib64"
-- Set runtime path of "/home/d4gobert/devel/serenity/Build/superbuild-x86_64/../lagom-install/lib64/liblagom-idl.so.0.0.0" to "$ORIGIN:$ORIGIN/../lib64"
-- Set runtime path of "/home/d4gobert/devel/serenity/Build/superbuild-x86_64/../lagom-install/bin/IPCCompiler" to "$ORIGIN:$ORIGIN/../lib64"
-- Set runtime path of "/home/d4gobert/devel/serenity/Build/superbuild-x86_64/../lagom-install/bin/GeneratePnpIDsData" to "$ORIGIN:$ORIGIN/../lib64"
-- Set runtime path of "/home/d4gobert/devel/serenity/Build/superbuild-x86_64/../lagom-install/bin/GenerateGLAPIWrapper" to "$ORIGIN:$ORIGIN/../lib64"
-- Set runtime path of "/home/d4gobert/devel/serenity/Build/superbuild-x86_64/../lagom-install/bin/GenerateDateTimeFormatData" to "$ORIGIN:$ORIGIN/../lib64"
-- Set runtime path of "/home/d4gobert/devel/serenity/Build/superbuild-x86_64/../lagom-install/bin/GenerateLocaleData" to "$ORIGIN:$ORIGIN/../lib64"
-- Set runtime path of "/home/d4gobert/devel/serenity/Build/superbuild-x86_64/../lagom-install/bin/GenerateNumberFormatData" to "$ORIGIN:$ORIGIN/../lib64"
-- Set runtime path of "/home/d4gobert/devel/serenity/Build/superbuild-x86_64/../lagom-install/bin/GeneratePluralRulesData" to "$ORIGIN:$ORIGIN/../lib64"
-- Set runtime path of "/home/d4gobert/devel/serenity/Build/superbuild-x86_64/../lagom-install/bin/GenerateRelativeTimeFormatData" to "$ORIGIN:$ORIGIN/../lib64"
-- Set runtime path of "/home/d4gobert/devel/serenity/Build/superbuild-x86_64/../lagom-install/bin/GenerateTimeZoneData" to "$ORIGIN:$ORIGIN/../lib64"
-- Set runtime path of "/home/d4gobert/devel/serenity/Build/superbuild-x86_64/../lagom-install/bin/GenerateUnicodeData" to "$ORIGIN:$ORIGIN/../lib64"
-- Set runtime path of "/home/d4gobert/devel/serenity/Build/superbuild-x86_64/../lagom-install/bin/GenerateEmojiData" to "$ORIGIN:$ORIGIN/../lib64"
-- Set runtime path of "/home/d4gobert/devel/serenity/Build/superbuild-x86_64/../lagom-install/bin/GenerateCSSEnums" to "$ORIGIN:$ORIGIN/../lib64"
-- Set runtime path of "/home/d4gobert/devel/serenity/Build/superbuild-x86_64/../lagom-install/bin/GenerateCSSMediaFeatureID" to "$ORIGIN:$ORIGIN/../lib64"
-- Set runtime path of "/home/d4gobert/devel/serenity/Build/superbuild-x86_64/../lagom-install/bin/GenerateCSSPropertyID" to "$ORIGIN:$ORIGIN/../lib64"
-- Set runtime path of "/home/d4gobert/devel/serenity/Build/superbuild-x86_64/../lagom-install/bin/GenerateCSSTransformFunctions" to "$ORIGIN:$ORIGIN/../lib64"
-- Set runtime path of "/home/d4gobert/devel/serenity/Build/superbuild-x86_64/../lagom-install/bin/GenerateCSSValueID" to "$ORIGIN:$ORIGIN/../lib64"
-- Set runtime path of "/home/d4gobert/devel/serenity/Build/superbuild-x86_64/../lagom-install/bin/GenerateWindowOrWorkerInterfaces" to "$ORIGIN:$ORIGIN/../lib64"
-- Set runtime path of "/home/d4gobert/devel/serenity/Build/superbuild-x86_64/../lagom-install/bin/BindingsGenerator" to "$ORIGIN:$ORIGIN/../lib64"
-- Set runtime path of "/home/d4gobert/devel/serenity/Build/superbuild-x86_64/../lagom-install/bin/StateMachineGenerator" to "$ORIGIN:$ORIGIN/../lib64"
-- Set runtime path of "/home/d4gobert/devel/serenity/Build/superbuild-x86_64/../lagom-install/bin/ConfigureComponents" to "$ORIGIN:$ORIGIN/../lib64"
-- Set runtime path of "/home/d4gobert/devel/serenity/Build/superbuild-x86_64/../lagom-install/bin/IPCMagicLinter" to "$ORIGIN:$ORIGIN/../lib64"
[2/5] Performing build step for 'serenity'
[0/2] Re-checking globbed directories...
[1/5062] Building CXX object Kernel/Prekernel/CMakeFiles/Prekernel64.dir/__/__/Userland/Libraries/LibELF/Relocation.cpp.o
[2/5062] Building CXX object Kernel/Prekernel/CMakeFiles/Prekernel64.dir/init.cpp.o
[3/5062] Building CXX object Kernel/Prekernel/CMakeFiles/Prekernel64.dir/__/MiniStdLib.cpp.o
[4/5062] Building CXX object Kernel/Prekernel/CMakeFiles/Prekernel64.dir/UBSanitizer.cpp.o
[5/5062] Building CXX object Kernel/CMakeFiles/kernel_heap.dir/Heap/kmalloc.cpp.o
[6/5062] Generating ../Userland/Libraries/LibVT/EscapeSequenceStateMachine.h
[7/5062] Generating LanguageClientEndpoint.h
[8/5062] Building CXX object Kernel/CMakeFiles/Kernel.dir/AddressSanitizer.cpp.o
[9/5062] Linking CXX executable Kernel/Prekernel/Prekernel64
[10/5062] Building CXX object Kernel/CMakeFiles/Kernel.dir/Arch/PageFault.cpp.o
[11/5062] Building CXX object Kernel/CMakeFiles/Kernel.dir/Bus/PCI/Controller/MemoryBackedHostBridge.cpp.o
[12/5062] Building CXX object Kernel/CMakeFiles/Kernel.dir/Bus/PCI/Access.cpp.o
[13/5062] Building CXX object Kernel/CMakeFiles/Kernel.dir/Bus/PCI/Controller/VolumeManagementDevice.cpp.o
[14/5062] Building CXX object Kernel/CMakeFiles/Kernel.dir/Bus/PCI/Controller/HostController.cpp.o
[15/5062] Building CXX object Kernel/CMakeFiles/Kernel.dir/Bus/PCI/API.cpp.o
[16/5062] Building CXX object Kernel/CMakeFiles/Kernel.dir/Bus/PCI/Device.cpp.o
[17/5062] Building CXX object Kernel/CMakeFiles/Kernel.dir/Bus/USB/USBController.cpp.o
[18/5062] Linking CXX static library Kernel/libkernel_heap.a
[19/5062] Building CXX object Kernel/CMakeFiles/Kernel.dir/Bus/USB/UHCI/UHCIRootHub.cpp.o
[20/5062] Building CXX object Kernel/CMakeFiles/Kernel.dir/Bus/PCI/DeviceIdentifier.cpp.o
[21/5062] Building CXX object Kernel/CMakeFiles/Kernel.dir/Bus/USB/UHCI/UHCIController.cpp.o
[22/5062] Building CXX object Kernel/CMakeFiles/Kernel.dir/Bus/USB/USBConfiguration.cpp.o
[23/5062] Building CXX object Kernel/CMakeFiles/Kernel.dir/Bus/USB/USBDevice.cpp.o
[24/5062] Building CXX object Kernel/CMakeFiles/Kernel.dir/Bus/USB/USBManagement.cpp.o
[25/5062] Building CXX object Kernel/CMakeFiles/Kernel.dir/Bus/USB/USBPipe.cpp.o
[26/5062] Building CXX object Kernel/CMakeFiles/Kernel.dir/Bus/USB/USBTransfer.cpp.o
[27/5062] Building CXX object Kernel/CMakeFiles/Kernel.dir/Bus/VirtIO/Console.cpp.o
[28/5062] Building CXX object Kernel/CMakeFiles/Kernel.dir/Bus/USB/USBHub.cpp.o
[29/5062] Building CXX object Kernel/CMakeFiles/Kernel.dir/Bus/VirtIO/ConsolePort.cpp.o
[30/5062] Building CXX object Kernel/CMakeFiles/Kernel.dir/Bus/VirtIO/Device.cpp.o
[31/5062] Building CXX object Kernel/CMakeFiles/Kernel.dir/CommandLine.cpp.o
[32/5062] Building CXX object Kernel/CMakeFiles/Kernel.dir/Bus/VirtIO/Queue.cpp.o
[33/5062] Building CXX object Kernel/CMakeFiles/Kernel.dir/Bus/VirtIO/RNG.cpp.o
[34/5062] Building CXX object Kernel/CMakeFiles/Kernel.dir/Credentials.cpp.o
[35/5062] Building CXX object Kernel/CMakeFiles/Kernel.dir/CrashHandler.cpp.o
[36/5062] Building CXX object Kernel/CMakeFiles/Kernel.dir/Coredump.cpp.o
[37/5062] Building CXX object Kernel/CMakeFiles/Kernel.dir/Devices/Audio/AC97.cpp.o
[38/5062] Building CXX object Kernel/CMakeFiles/Kernel.dir/Devices/Audio/Channel.cpp.o
[39/5062] Building CXX object Kernel/CMakeFiles/Kernel.dir/Devices/AsyncDeviceRequest.cpp.o
[40/5062] Building CXX object Kernel/CMakeFiles/Kernel.dir/Devices/BlockDevice.cpp.o
[41/5062] Building CXX object Kernel/CMakeFiles/Kernel.dir/Devices/Audio/Management.cpp.o
[42/5062] Building CXX object Kernel/CMakeFiles/Kernel.dir/Devices/ConsoleDevice.cpp.o
[43/5062] Building CXX object Kernel/CMakeFiles/Kernel.dir/Devices/CharacterDevice.cpp.o
[44/5062] Building CXX object Kernel/CMakeFiles/Kernel.dir/Devices/FullDevice.cpp.o
[45/5062] Building CXX object Kernel/CMakeFiles/Kernel.dir/Devices/Device.cpp.o
[46/5062] Building CXX object Kernel/CMakeFiles/Kernel.dir/Devices/DeviceControlDevice.cpp.o
[47/5062] Building CXX object Kernel/CMakeFiles/Kernel.dir/Devices/DeviceManagement.cpp.o
[48/5062] Building CXX object Kernel/CMakeFiles/Kernel.dir/Devices/KCOVInstance.cpp.o
[49/5062] Building CXX object Kernel/CMakeFiles/Kernel.dir/Devices/KCOVDevice.cpp.o
[50/5062] Building CXX object Kernel/CMakeFiles/Kernel.dir/Devices/MemoryDevice.cpp.o
[51/5062] Building CXX object Kernel/CMakeFiles/Kernel.dir/Devices/NullDevice.cpp.o
[52/5062] Building CXX object Kernel/CMakeFiles/Kernel.dir/Devices/RandomDevice.cpp.o
[53/5062] Building CXX object Kernel/CMakeFiles/Kernel.dir/Devices/SelfTTYDevice.cpp.o
[54/5062] Building CXX object Kernel/CMakeFiles/Kernel.dir/Devices/PCISerialDevice.cpp.o
[55/5062] Building CXX object Kernel/CMakeFiles/Kernel.dir/Devices/SerialDevice.cpp.o
[56/5062] Building CXX object Kernel/CMakeFiles/Kernel.dir/Devices/ZeroDevice.cpp.o
[57/5062] Building CXX object Kernel/CMakeFiles/Kernel.dir/Graphics/Console/ContiguousFramebufferConsole.cpp.o
[58/5062] Building CXX object Kernel/CMakeFiles/Kernel.dir/Devices/HID/HIDManagement.cpp.o
[59/5062] Building CXX object Kernel/CMakeFiles/Kernel.dir/Devices/HID/MouseDevice.cpp.o
[60/5062] Building CXX object Kernel/CMakeFiles/Kernel.dir/Devices/HID/KeyboardDevice.cpp.o
[61/5062] Building CXX object Kernel/CMakeFiles/Kernel.dir/Graphics/Console/BootFramebufferConsole.cpp.o
[62/5062] Building CXX object Kernel/CMakeFiles/Kernel.dir/Graphics/Bochs/GraphicsAdapter.cpp.o
[63/5062] Building CXX object Kernel/CMakeFiles/Kernel.dir/Graphics/Bochs/QEMUDisplayConnector.cpp.o
[64/5062] Building CXX object Kernel/CMakeFiles/Kernel.dir/Graphics/Console/GenericFramebufferConsole.cpp.o
[65/5062] Building CXX object Kernel/CMakeFiles/Kernel.dir/Graphics/DisplayConnector.cpp.o
[66/5062] Building CXX object Kernel/CMakeFiles/Kernel.dir/Graphics/GraphicsManagement.cpp.o
[67/5062] Building CXX object Kernel/CMakeFiles/Kernel.dir/Graphics/Console/VGATextModeConsole.cpp.o
[68/5062] Building CXX object Kernel/CMakeFiles/Kernel.dir/Graphics/Intel/Transcoder/AnalogDisplayTranscoder.cpp.o
[69/5062] Building CXX object Kernel/CMakeFiles/Kernel.dir/Graphics/Intel/Auxiliary/GMBusConnector.cpp.o
[70/5062] Building CXX object Kernel/CMakeFiles/Kernel.dir/Graphics/Generic/DisplayConnector.cpp.o
[71/5062] Building CXX object Kernel/CMakeFiles/Kernel.dir/Graphics/VirtIOGPU/Console.cpp.o
[72/5062] Building CXX object Kernel/CMakeFiles/Kernel.dir/Graphics/Intel/Plane/G33DisplayPlane.cpp.o
[73/5062] Building CXX object Kernel/CMakeFiles/Kernel.dir/Graphics/Intel/Plane/DisplayPlane.cpp.o
[74/5062] Building CXX object Kernel/CMakeFiles/Kernel.dir/Graphics/Intel/Transcoder/DisplayTranscoder.cpp.o
[75/5062] Building CXX object Kernel/CMakeFiles/Kernel.dir/Graphics/Intel/Transcoder/PLL.cpp.o
[76/5062] Building CXX object Kernel/CMakeFiles/Kernel.dir/Graphics/VMWare/Console.cpp.o
[77/5062] Building CXX object Kernel/CMakeFiles/Kernel.dir/Graphics/Intel/DisplayConnectorGroup.cpp.o
[78/5062] Building CXX object Kernel/CMakeFiles/Kernel.dir/Graphics/Intel/NativeDisplayConnector.cpp.o
[79/5062] Building CXX object Kernel/CMakeFiles/Kernel.dir/IOWindow.cpp.o
[80/5062] Building CXX object Kernel/CMakeFiles/Kernel.dir/Graphics/Intel/NativeGraphicsAdapter.cpp.o
[81/5062] Building CXX object Kernel/CMakeFiles/Kernel.dir/Graphics/VMWare/DisplayConnector.cpp.o
[82/5062] Building CXX object Kernel/CMakeFiles/Kernel.dir/Graphics/VMWare/GraphicsAdapter.cpp.o
[83/5062] Building CXX object Kernel/CMakeFiles/Kernel.dir/Jail.cpp.o
[84/5062] Building CXX object Kernel/CMakeFiles/Kernel.dir/Graphics/VirtIOGPU/DisplayConnector.cpp.o
[85/5062] Building CXX object Kernel/CMakeFiles/Kernel.dir/Graphics/VirtIOGPU/GPU3DDevice.cpp.o
[86/5062] Building CXX object Kernel/CMakeFiles/Kernel.dir/Graphics/VirtIOGPU/GraphicsAdapter.cpp.o
[87/5062] Building CXX object Kernel/CMakeFiles/Kernel.dir/SanCov.cpp.o
[88/5062] Building CXX object Kernel/CMakeFiles/Kernel.dir/Memory/InodeVMObject.cpp.o
[89/5062] Building CXX object Kernel/CMakeFiles/Kernel.dir/Memory/AnonymousVMObject.cpp.o
[90/5062] Building CXX object Kernel/CMakeFiles/Kernel.dir/Storage/ATA/ATAController.cpp.o
[91/5062] Building CXX object Kernel/CMakeFiles/Kernel.dir/Storage/ATA/AHCI/Controller.cpp.o
[92/5062] Building CXX object Kernel/CMakeFiles/Kernel.dir/Storage/ATA/AHCI/Port.cpp.o
[93/5062] Building CXX object Kernel/CMakeFiles/Kernel.dir/Storage/ATA/GenericIDE/Controller.cpp.o
[94/5062] Building CXX object Kernel/CMakeFiles/Kernel.dir/Storage/ATA/ATADevice.cpp.o
[95/5062] Building CXX object Kernel/CMakeFiles/Kernel.dir/Storage/ATA/AHCI/InterruptHandler.cpp.o
[96/5062] Building CXX object Kernel/CMakeFiles/Kernel.dir/Storage/ATA/GenericIDE/Channel.cpp.o
[97/5062] Building CXX object Kernel/CMakeFiles/Kernel.dir/Storage/ATA/ATAPort.cpp.o
[98/5062] Building CXX object Kernel/CMakeFiles/Kernel.dir/Storage/NVMe/NVMePollQueue.cpp.o
[99/5062] Building CXX object Kernel/CMakeFiles/Kernel.dir/Storage/ATA/ATADiskDevice.cpp.o
[100/5062] Building CXX object Kernel/CMakeFiles/Kernel.dir/Storage/NVMe/NVMeNameSpace.cpp.o
[101/5062] Building CXX object Kernel/CMakeFiles/Kernel.dir/Storage/NVMe/NVMeController.cpp.o
[102/5062] Building CXX object Kernel/CMakeFiles/Kernel.dir/Storage/NVMe/NVMeInterruptQueue.cpp.o
[103/5062] Building CXX object Kernel/CMakeFiles/Kernel.dir/Storage/Ramdisk/Controller.cpp.o
[104/5062] Building CXX object Kernel/CMakeFiles/Kernel.dir/Storage/NVMe/NVMeQueue.cpp.o
[105/5062] Building CXX object Kernel/CMakeFiles/Kernel.dir/Storage/Ramdisk/Device.cpp.o
[106/5062] Building CXX object Kernel/CMakeFiles/Kernel.dir/Storage/DiskPartition.cpp.o
[107/5062] Building CXX object Kernel/CMakeFiles/Kernel.dir/Storage/StorageDevice.cpp.o
[108/5062] Building CXX object Kernel/CMakeFiles/Kernel.dir/Storage/StorageController.cpp.o
[109/5062] Building CXX object Kernel/CMakeFiles/Kernel.dir/DoubleBuffer.cpp.o
[110/5062] Building CXX object Kernel/CMakeFiles/Kernel.dir/FileSystem/AnonymousFile.cpp.o
[111/5062] Building CXX object Kernel/CMakeFiles/Kernel.dir/Storage/StorageManagement.cpp.o
[112/5062] Building CXX object Kernel/CMakeFiles/Kernel.dir/FileSystem/DevPtsFS/Inode.cpp.o
[113/5062] Building CXX object Kernel/CMakeFiles/Kernel.dir/FileSystem/Custody.cpp.o
[114/5062] Building CXX object Kernel/CMakeFiles/Kernel.dir/FileSystem/BlockBasedFileSystem.cpp.o
[115/5062] Building CXX object Kernel/CMakeFiles/Kernel.dir/FileSystem/FATFS/Inode.cpp.o
[116/5062] Building CXX object Kernel/CMakeFiles/Kernel.dir/FileSystem/DevPtsFS/FileSystem.cpp.o
[117/5062] Building CXX object Kernel/CMakeFiles/Kernel.dir/FileSystem/FATFS/FileSystem.cpp.o
[118/5062] Building CXX object Kernel/CMakeFiles/Kernel.dir/FileSystem/Ext2FS/FileSystem.cpp.o
[119/5062] Building CXX object Kernel/CMakeFiles/Kernel.dir/FileSystem/Ext2FS/Inode.cpp.o
[120/5062] Building CXX object Kernel/CMakeFiles/Kernel.dir/FileSystem/FIFO.cpp.o
[121/5062] Building CXX object Kernel/CMakeFiles/Kernel.dir/FileSystem/File.cpp.o
[122/5062] Building CXX object Kernel/CMakeFiles/Kernel.dir/FileSystem/Inode.cpp.o
[123/5062] Building CXX object Kernel/CMakeFiles/Kernel.dir/FileSystem/FileSystem.cpp.o
[124/5062] Building CXX object Kernel/CMakeFiles/Kernel.dir/FileSystem/FileBackedFileSystem.cpp.o
[125/5062] Building CXX object Kernel/CMakeFiles/Kernel.dir/FileSystem/InodeFile.cpp.o
[126/5062] Building CXX object Kernel/CMakeFiles/Kernel.dir/FileSystem/Mount.cpp.o
[127/5062] Building CXX object Kernel/CMakeFiles/Kernel.dir/FileSystem/InodeMetadata.cpp.o
[128/5062] Building CXX object Kernel/CMakeFiles/Kernel.dir/FileSystem/InodeWatcher.cpp.o
[129/5062] Building CXX object Kernel/CMakeFiles/Kernel.dir/FileSystem/ISO9660FS/Inode.cpp.o
[130/5062] Building CXX object Kernel/CMakeFiles/Kernel.dir/FileSystem/ISO9660FS/DirectoryIterator.cpp.o
[131/5062] Building CXX object Kernel/CMakeFiles/Kernel.dir/FileSystem/ISO9660FS/FileSystem.cpp.o
[132/5062] Building CXX object Kernel/CMakeFiles/Kernel.dir/FileSystem/RAMFS/FileSystem.cpp.o
[133/5062] Building CXX object Kernel/CMakeFiles/Kernel.dir/FileSystem/Plan9FS/Inode.cpp.o
[134/5062] Building CXX object Kernel/CMakeFiles/Kernel.dir/FileSystem/OpenFileDescription.cpp.o
[135/5062] Building CXX object Kernel/CMakeFiles/Kernel.dir/FileSystem/Plan9FS/FileSystem.cpp.o
[136/5062] Building CXX object Kernel/CMakeFiles/Kernel.dir/FileSystem/Plan9FS/Message.cpp.o
[137/5062] Building CXX object Kernel/CMakeFiles/Kernel.dir/FileSystem/ProcFS/FileSystem.cpp.o
[138/5062] Building CXX object Kernel/CMakeFiles/Kernel.dir/FileSystem/ProcFS/Inode.cpp.o
[139/5062] Building CXX object Kernel/CMakeFiles/Kernel.dir/FileSystem/RAMFS/Inode.cpp.o
[140/5062] Building CXX object Kernel/CMakeFiles/Kernel.dir/FileSystem/SysFS/FileSystem.cpp.o
[141/5062] Building CXX object Kernel/CMakeFiles/Kernel.dir/FileSystem/ProcFS/ProcessExposed.cpp.o
[142/5062] Building CXX object Kernel/CMakeFiles/Kernel.dir/FileSystem/SysFS/Component.cpp.o
[143/5062] Building CXX object Kernel/CMakeFiles/Kernel.dir/Syscalls/exit.cpp.o
[144/5062] Building CXX object Kernel/CMakeFiles/Kernel.dir/FileSystem/SysFS/Inode.cpp.o
[145/5062] Building CXX object Kernel/CMakeFiles/Kernel.dir/FileSystem/SysFS/DirectoryInode.cpp.o
[146/5062] Building CXX object Kernel/CMakeFiles/Kernel.dir/FileSystem/SysFS/LinkInode.cpp.o
[147/5062] Building CXX object Kernel/CMakeFiles/Kernel.dir/FileSystem/SysFS/Registry.cpp.o
[148/5062] Building CXX object Kernel/CMakeFiles/Kernel.dir/FileSystem/SysFS/Subsystems/Bus/PCI/BusDirectory.cpp.o
[149/5062] Building CXX object Kernel/CMakeFiles/Kernel.dir/FileSystem/SysFS/RootDirectory.cpp.o
[150/5062] Building CXX object Kernel/CMakeFiles/Kernel.dir/FileSystem/SysFS/Subsystems/Bus/PCI/DeviceAttribute.cpp.o
[151/5062] Building CXX object Kernel/CMakeFiles/Kernel.dir/FileSystem/SysFS/Subsystems/Bus/PCI/DeviceDirectory.cpp.o
[152/5062] Building CXX object Kernel/CMakeFiles/Kernel.dir/FileSystem/SysFS/Subsystems/Bus/PCI/DeviceExpansionROM.cpp.o
[153/5062] Building CXX object Kernel/CMakeFiles/Kernel.dir/FileSystem/SysFS/Subsystems/Bus/USB/BusDirectory.cpp.o
[154/5062] Building CXX object Kernel/CMakeFiles/Kernel.dir/FileSystem/SysFS/Subsystems/DeviceIdentifiers/BlockDevicesDirectory.cpp.o
[155/5062] Building CXX object Kernel/CMakeFiles/Kernel.dir/FileSystem/SysFS/Subsystems/Bus/USB/DeviceInformation.cpp.o
[156/5062] Building CXX object Kernel/CMakeFiles/Kernel.dir/FileSystem/SysFS/Subsystems/Bus/Directory.cpp.o
[157/5062] Building CXX object Kernel/CMakeFiles/Kernel.dir/FileSystem/SysFS/Subsystems/DeviceIdentifiers/CharacterDevicesDirectory.cpp.o
[158/5062] Building CXX object Kernel/CMakeFiles/Kernel.dir/FileSystem/SysFS/Subsystems/DeviceIdentifiers/DeviceComponent.cpp.o
[159/5062] Building CXX object Kernel/CMakeFiles/Kernel.dir/FileSystem/SysFS/Subsystems/DeviceIdentifiers/Directory.cpp.o
[160/5062] Building CXX object Kernel/CMakeFiles/Kernel.dir/FileSystem/SysFS/Subsystems/Devices/Storage/DeviceAttribute.cpp.o
[161/5062] Building CXX object Kernel/CMakeFiles/Kernel.dir/FileSystem/SysFS/Subsystems/DeviceIdentifiers/SymbolicLinkDeviceComponent.cpp.o
[162/5062] Building CXX object Kernel/CMakeFiles/Kernel.dir/FileSystem/SysFS/Subsystems/Devices/Storage/DeviceDirectory.cpp.o
[163/5062] Building CXX object Kernel/CMakeFiles/Kernel.dir/FileSystem/SysFS/Subsystems/Devices/Storage/Directory.cpp.o
[164/5062] Building CXX object Kernel/CMakeFiles/Kernel.dir/FileSystem/SysFS/Subsystems/Devices/Graphics/Directory.cpp.o
[165/5062] Building CXX object Kernel/CMakeFiles/Kernel.dir/FileSystem/SysFS/Subsystems/Devices/Graphics/DisplayConnector/Directory.cpp.o
[166/5062] Building CXX object Kernel/CMakeFiles/Kernel.dir/FileSystem/SysFS/Subsystems/Devices/Graphics/DisplayConnector/DeviceDirectory.cpp.o
[167/5062] Building CXX object Kernel/CMakeFiles/Kernel.dir/FileSystem/SysFS/Subsystems/Devices/Graphics/DisplayConnector/DeviceAttribute.cpp.o
[168/5062] Building CXX object Kernel/CMakeFiles/Kernel.dir/FileSystem/SysFS/Subsystems/Devices/Directory.cpp.o
[169/5062] Building CXX object Kernel/CMakeFiles/Kernel.dir/FileSystem/SysFS/Subsystems/Firmware/BIOS/Component.cpp.o
[170/5062] Building CXX object Kernel/CMakeFiles/Kernel.dir/FileSystem/SysFS/Subsystems/Firmware/BIOS/Directory.cpp.o
[171/5062] Building CXX object Kernel/CMakeFiles/Kernel.dir/FileSystem/SysFS/Subsystems/Firmware/Directory.cpp.o
[172/5062] Building CXX object Kernel/CMakeFiles/Kernel.dir/FileSystem/SysFS/Subsystems/Kernel/Interrupts.cpp.o
[173/5062] Building CXX object Kernel/CMakeFiles/Kernel.dir/FileSystem/SysFS/Subsystems/Kernel/GlobalInformation.cpp.o
[174/5062] Building CXX object Kernel/CMakeFiles/Kernel.dir/FileSystem/SysFS/Subsystems/Kernel/Processes.cpp.o
[175/5062] Building CXX object Kernel/CMakeFiles/Kernel.dir/FileSystem/SysFS/Subsystems/Kernel/Jails.cpp.o
[176/5062] Building CXX object Kernel/CMakeFiles/Kernel.dir/FileSystem/SysFS/Subsystems/Kernel/CPUInfo.cpp.o
[177/5062] Building CXX object Kernel/CMakeFiles/Kernel.dir/FileSystem/SysFS/Subsystems/Kernel/Keymap.cpp.o
[178/5062] Building CXX object Kernel/CMakeFiles/Kernel.dir/FileSystem/SysFS/Subsystems/Kernel/Profile.cpp.o
[179/5062] Building CXX object Kernel/CMakeFiles/Kernel.dir/FileSystem/SysFS/Subsystems/Kernel/Directory.cpp.o
[180/5062] Building CXX object Kernel/CMakeFiles/Kernel.dir/FileSystem/SysFS/Subsystems/Kernel/SystemStatistics.cpp.o
[181/5062] Building CXX object Kernel/CMakeFiles/Kernel.dir/FileSystem/SysFS/Subsystems/Kernel/DiskUsage.cpp.o
[182/5062] Building CXX object Kernel/CMakeFiles/Kernel.dir/FileSystem/SysFS/Subsystems/Kernel/Log.cpp.o
[183/5062] Building CXX object Kernel/CMakeFiles/Kernel.dir/FileSystem/SysFS/Subsystems/Kernel/PowerStateSwitch.cpp.o
[184/5062] Building CXX object Kernel/CMakeFiles/Kernel.dir/FileSystem/SysFS/Subsystems/Kernel/MemoryStatus.cpp.o
[185/5062] Building CXX object Kernel/CMakeFiles/Kernel.dir/FileSystem/SysFS/Subsystems/Kernel/Uptime.cpp.o
[186/5062] Building CXX object Kernel/CMakeFiles/Kernel.dir/FileSystem/SysFS/Subsystems/Kernel/Network/Adapters.cpp.o
[187/5062] Building CXX object Kernel/CMakeFiles/Kernel.dir/FileSystem/SysFS/Subsystems/Kernel/Network/ARP.cpp.o
[188/5062] Building CXX object Kernel/CMakeFiles/Kernel.dir/FileSystem/SysFS/Subsystems/Kernel/Network/Directory.cpp.o
[189/5062] Building CXX object Kernel/CMakeFiles/Kernel.dir/FileSystem/SysFS/Subsystems/Kernel/Network/Local.cpp.o
[190/5062] Building CXX object Kernel/CMakeFiles/Kernel.dir/FileSystem/SysFS/Subsystems/Kernel/Network/TCP.cpp.o
[191/5062] Building CXX object Kernel/CMakeFiles/Kernel.dir/FileSystem/SysFS/Subsystems/Kernel/Network/Route.cpp.o
[192/5062] Building CXX object Kernel/CMakeFiles/Kernel.dir/FileSystem/SysFS/Subsystems/Kernel/Constants/ConstantInformation.cpp.o
[193/5062] Building CXX object Kernel/CMakeFiles/Kernel.dir/FileSystem/SysFS/Subsystems/Kernel/Network/UDP.cpp.o
[194/5062] Building CXX object Kernel/CMakeFiles/Kernel.dir/FileSystem/SysFS/Subsystems/Kernel/Constants/Directory.cpp.o
[195/5062] Building CXX object Kernel/CMakeFiles/Kernel.dir/FileSystem/SysFS/Subsystems/Kernel/Variables/CapsLockRemap.cpp.o
[196/5062] Building CXX object Kernel/CMakeFiles/Kernel.dir/FileSystem/SysFS/Subsystems/Kernel/Variables/CoredumpDirectory.cpp.o
[197/5062] Building CXX object Kernel/CMakeFiles/Kernel.dir/FileSystem/SysFS/Subsystems/Kernel/Variables/BooleanVariable.cpp.o
[198/5062] Building CXX object Kernel/CMakeFiles/Kernel.dir/FileSystem/SysFS/Subsystems/Kernel/Variables/Directory.cpp.o
[199/5062] Building CXX object Kernel/CMakeFiles/Kernel.dir/FileSystem/SysFS/Subsystems/Kernel/Variables/DumpKmallocStack.cpp.o
[200/5062] Building CXX object Kernel/CMakeFiles/Kernel.dir/FileSystem/SysFS/Subsystems/Kernel/Variables/StringVariable.cpp.o
[201/5062] Building CXX object Kernel/CMakeFiles/Kernel.dir/FileSystem/SysFS/Subsystems/Kernel/Variables/UBSANDeadly.cpp.o
[202/5062] Building CXX object Kernel/CMakeFiles/Kernel.dir/Firmware/BIOS.cpp.o
[203/5062] Building CXX object Kernel/CMakeFiles/Kernel.dir/Firmware/ACPI/Parser.cpp.o
[204/5062] Building CXX object Kernel/CMakeFiles/Kernel.dir/KLexicalPath.cpp.o
[205/5062] Building CXX object Kernel/CMakeFiles/Kernel.dir/Firmware/ACPI/Initialize.cpp.o
[206/5062] Building CXX object Kernel/CMakeFiles/Kernel.dir/FileSystem/VirtualFileSystem.cpp.o
[207/5062] Building CXX object Kernel/CMakeFiles/Kernel.dir/FutexQueue.cpp.o
[208/5062] Building CXX object Kernel/CMakeFiles/Kernel.dir/Firmware/MultiProcessor/Parser.cpp.o
[209/5062] Building CXX object Kernel/CMakeFiles/Kernel.dir/Interrupts/GenericInterruptHandler.cpp.o
[210/5062] Building CXX object Kernel/CMakeFiles/Kernel.dir/Interrupts/IRQHandler.cpp.o
[211/5062] Building CXX object Kernel/CMakeFiles/Kernel.dir/Interrupts/SharedIRQHandler.cpp.o
[212/5062] Building CXX object Kernel/CMakeFiles/Kernel.dir/KBufferBuilder.cpp.o
[213/5062] Building CXX object Kernel/CMakeFiles/Kernel.dir/Interrupts/UnhandledInterruptHandler.cpp.o
[214/5062] Building CXX object Kernel/CMakeFiles/Kernel.dir/KString.cpp.o
[215/5062] Building CXX object Kernel/CMakeFiles/Kernel.dir/Memory/AddressSpace.cpp.o
[216/5062] Building CXX object Kernel/CMakeFiles/Kernel.dir/KSyms.cpp.o
[217/5062] Building CXX object Kernel/CMakeFiles/Kernel.dir/Memory/MemoryManager.cpp.o
[218/5062] Building CXX object Kernel/CMakeFiles/Kernel.dir/Memory/PhysicalPage.cpp.o
[219/5062] Building CXX object Kernel/CMakeFiles/Kernel.dir/Memory/PhysicalRegion.cpp.o
[220/5062] Building CXX object Kernel/CMakeFiles/Kernel.dir/Memory/PhysicalZone.cpp.o
[221/5062] Building CXX object Kernel/CMakeFiles/Kernel.dir/Memory/PrivateInodeVMObject.cpp.o
[222/5062] Building CXX object Kernel/CMakeFiles/Kernel.dir/Memory/Region.cpp.o
[223/5062] Building CXX object Kernel/CMakeFiles/Kernel.dir/Memory/RegionTree.cpp.o
[224/5062] Building CXX object Kernel/CMakeFiles/Kernel.dir/Memory/VMObject.cpp.o
[225/5062] Building CXX object Kernel/CMakeFiles/Kernel.dir/Memory/RingBuffer.cpp.o
[226/5062] Building CXX object Kernel/CMakeFiles/Kernel.dir/Memory/ScatterGatherList.cpp.o
[227/5062] Building CXX object Kernel/CMakeFiles/Kernel.dir/Memory/SharedInodeVMObject.cpp.o
[228/5062] Building CXX object Kernel/CMakeFiles/Kernel.dir/Memory/ScopedAddressSpaceSwitcher.cpp.o
[229/5062] Building CXX object Kernel/CMakeFiles/Kernel.dir/Memory/VirtualRange.cpp.o
[230/5062] Building CXX object Kernel/CMakeFiles/Kernel.dir/Memory/SharedFramebufferVMObject.cpp.o
[231/5062] Building CXX object Kernel/CMakeFiles/Kernel.dir/MiniStdLib.cpp.o
[232/5062] Building CXX object Kernel/CMakeFiles/Kernel.dir/Locking/LockRank.cpp.o
[233/5062] Building CXX object Kernel/CMakeFiles/Kernel.dir/Locking/Mutex.cpp.o
[234/5062] Building CXX object Kernel/CMakeFiles/Kernel.dir/Net/Intel/E1000ENetworkAdapter.cpp.o
[235/5062] Building CXX object Kernel/CMakeFiles/Kernel.dir/Net/LocalSocket.cpp.o
[236/5062] Building CXX object Kernel/CMakeFiles/Kernel.dir/Net/IPv4Socket.cpp.o
[237/5062] Building CXX object Kernel/CMakeFiles/Kernel.dir/Net/Intel/E1000NetworkAdapter.cpp.o
[238/5062] Building CXX object Kernel/CMakeFiles/Kernel.dir/Net/Realtek/RTL8168NetworkAdapter.cpp.o
[239/5062] Building CXX object Kernel/CMakeFiles/Kernel.dir/Net/LoopbackAdapter.cpp.o
[240/5062] Building CXX object Kernel/CMakeFiles/Kernel.dir/Net/NetworkAdapter.cpp.o
[241/5062] Building CXX object Kernel/CMakeFiles/Kernel.dir/Net/NetworkTask.cpp.o
[242/5062] Building CXX object Kernel/CMakeFiles/Kernel.dir/Net/Routing.cpp.o
[243/5062] Building CXX object Kernel/CMakeFiles/Kernel.dir/Net/NetworkingManagement.cpp.o
[244/5062] Building CXX object Kernel/CMakeFiles/Kernel.dir/Net/UDPSocket.cpp.o
[245/5062] Building CXX object Kernel/CMakeFiles/Kernel.dir/Net/Socket.cpp.o
[246/5062] Building CXX object Kernel/CMakeFiles/Kernel.dir/Net/TCPSocket.cpp.o
[247/5062] Building CXX object Kernel/CMakeFiles/Kernel.dir/PerformanceEventBuffer.cpp.o
[248/5062] Building CXX object Kernel/CMakeFiles/Kernel.dir/ProcessGroup.cpp.o
[249/5062] Building CXX object Kernel/CMakeFiles/Kernel.dir/ProcessList.cpp.o
[250/5062] Building CXX object Kernel/CMakeFiles/Kernel.dir/ScopedCritical.cpp.o
[251/5062] Building CXX object Kernel/CMakeFiles/Kernel.dir/Scheduler.cpp.o
[252/5062] Building CXX object Kernel/CMakeFiles/Kernel.dir/Process.cpp.o
[253/5062] Building CXX object Kernel/CMakeFiles/Kernel.dir/Random.cpp.o
[254/5062] Building CXX object Kernel/CMakeFiles/Kernel.dir/StdLib.cpp.o
[255/5062] Building CXX object Kernel/CMakeFiles/Kernel.dir/Syscalls/anon_create.cpp.o
[256/5062] Building CXX object Kernel/CMakeFiles/Kernel.dir/Syscalls/alarm.cpp.o
[257/5062] Building CXX object Kernel/CMakeFiles/Kernel.dir/Syscall.cpp.o
[258/5062] Building CXX object Kernel/CMakeFiles/Kernel.dir/Syscalls/beep.cpp.o
[259/5062] Building CXX object Kernel/CMakeFiles/Kernel.dir/Syscalls/chdir.cpp.o
[260/5062] Building CXX object Kernel/CMakeFiles/Kernel.dir/Syscalls/clock.cpp.o
[261/5062] Building CXX object Kernel/CMakeFiles/Kernel.dir/Syscalls/chmod.cpp.o
[262/5062] Building CXX object Kernel/CMakeFiles/Kernel.dir/Syscalls/chown.cpp.o
[263/5062] Building CXX object Kernel/CMakeFiles/Kernel.dir/Syscalls/debug.cpp.o
[264/5062] Building CXX object Kernel/CMakeFiles/Kernel.dir/Syscalls/disown.cpp.o
[265/5062] Building CXX object Kernel/CMakeFiles/Kernel.dir/Syscalls/dup2.cpp.o
[266/5062] Building CXX object Kernel/CMakeFiles/Kernel.dir/Syscalls/faccessat.cpp.o
[267/5062] Building CXX object Kernel/CMakeFiles/Kernel.dir/Syscalls/emuctl.cpp.o
[268/5062] Building CXX object Kernel/CMakeFiles/Kernel.dir/Syscalls/fallocate.cpp.o
[269/5062] Building CXX object Kernel/CMakeFiles/Kernel.dir/Syscalls/execve.cpp.o
[270/5062] Building CXX object Kernel/CMakeFiles/Kernel.dir/Syscalls/fcntl.cpp.o
[271/5062] Building CXX object Kernel/CMakeFiles/Kernel.dir/Syscalls/fsync.cpp.o
[272/5062] Building CXX object Kernel/CMakeFiles/Kernel.dir/Syscalls/fork.cpp.o
[273/5062] Building CXX object Kernel/CMakeFiles/Kernel.dir/Syscalls/ftruncate.cpp.o
[274/5062] Building CXX object Kernel/CMakeFiles/Kernel.dir/Syscalls/futex.cpp.o
[275/5062] Building CXX object Kernel/CMakeFiles/Kernel.dir/Syscalls/getrandom.cpp.o
[276/5062] Building CXX object Kernel/CMakeFiles/Kernel.dir/Syscalls/get_dir_entries.cpp.o
[277/5062] Building CXX object Kernel/CMakeFiles/Kernel.dir/Syscalls/get_stack_bounds.cpp.o
[278/5062] Building CXX object Kernel/CMakeFiles/Kernel.dir/Syscalls/ioctl.cpp.o
[279/5062] Building CXX object Kernel/CMakeFiles/Kernel.dir/Syscalls/hostname.cpp.o
[280/5062] Building CXX object Kernel/CMakeFiles/Kernel.dir/Syscalls/getuid.cpp.o
[281/5062] Building CXX object Kernel/CMakeFiles/Kernel.dir/Syscalls/jail.cpp.o
[282/5062] Building CXX object Kernel/CMakeFiles/Kernel.dir/Syscalls/link.cpp.o
[283/5062] Building CXX object Kernel/CMakeFiles/Kernel.dir/Syscalls/keymap.cpp.o
[284/5062] Building CXX object Kernel/CMakeFiles/Kernel.dir/Syscalls/lseek.cpp.o
[285/5062] Building CXX object Kernel/CMakeFiles/Kernel.dir/Syscalls/kill.cpp.o
[286/5062] Building CXX object Kernel/CMakeFiles/Kernel.dir/Syscalls/mkdir.cpp.o
[287/5062] Building CXX object Kernel/CMakeFiles/Kernel.dir/Syscalls/mknod.cpp.o
[288/5062] Building CXX object Kernel/CMakeFiles/Kernel.dir/Syscalls/open.cpp.o
[289/5062] Building CXX object Kernel/CMakeFiles/Kernel.dir/Syscalls/mount.cpp.o
[290/5062] Building CXX object Kernel/CMakeFiles/Kernel.dir/Syscalls/perf_event.cpp.o
[291/5062] Building CXX object Kernel/CMakeFiles/Kernel.dir/Syscalls/mmap.cpp.o
[292/5062] Building CXX object Kernel/CMakeFiles/Kernel.dir/Syscalls/pipe.cpp.o
[293/5062] Building CXX object Kernel/CMakeFiles/Kernel.dir/Syscalls/pledge.cpp.o
[294/5062] Building CXX object Kernel/CMakeFiles/Kernel.dir/Syscalls/poll.cpp.o
[295/5062] Building CXX object Kernel/CMakeFiles/Kernel.dir/Syscalls/prctl.cpp.o
[296/5062] Building CXX object Kernel/CMakeFiles/Kernel.dir/Syscalls/purge.cpp.o
[297/5062] Building CXX object Kernel/CMakeFiles/Kernel.dir/Syscalls/process.cpp.o
[298/5062] Building CXX object Kernel/CMakeFiles/Kernel.dir/Syscalls/profiling.cpp.o
[299/5062] Building CXX object Kernel/CMakeFiles/Kernel.dir/Syscalls/ptrace.cpp.o
[300/5062] Building CXX object Kernel/CMakeFiles/Kernel.dir/Syscalls/readlink.cpp.o
[301/5062] Building CXX object Kernel/CMakeFiles/Kernel.dir/Syscalls/read.cpp.o
[302/5062] Building CXX object Kernel/CMakeFiles/Kernel.dir/Syscalls/realpath.cpp.o
[303/5062] Building CXX object Kernel/CMakeFiles/Kernel.dir/Syscalls/rename.cpp.o
[304/5062] Building CXX object Kernel/CMakeFiles/Kernel.dir/Syscalls/resource.cpp.o
[305/5062] Building CXX object Kernel/CMakeFiles/Kernel.dir/Syscalls/rmdir.cpp.o
[306/5062] Building CXX object Kernel/CMakeFiles/Kernel.dir/Syscalls/sendfd.cpp.o
[307/5062] Building CXX object Kernel/CMakeFiles/Kernel.dir/Syscalls/sched.cpp.o
[308/5062] Building CXX object Kernel/CMakeFiles/Kernel.dir/Syscalls/setpgid.cpp.o
[309/5062] Building CXX object Kernel/CMakeFiles/Kernel.dir/Syscalls/socket.cpp.o
[310/5062] Building CXX object Kernel/CMakeFiles/Kernel.dir/Syscalls/stat.cpp.o
[311/5062] Building CXX object Kernel/CMakeFiles/Kernel.dir/Syscalls/setuid.cpp.o
[312/5062] Building CXX object Kernel/CMakeFiles/Kernel.dir/Syscalls/sync.cpp.o
[313/5062] Building CXX object Kernel/CMakeFiles/Kernel.dir/Syscalls/statvfs.cpp.o
[314/5062] Building CXX object Kernel/CMakeFiles/Kernel.dir/Syscalls/sysconf.cpp.o
[315/5062] Building CXX object Kernel/CMakeFiles/Kernel.dir/Syscalls/times.cpp.o
[316/5062] Building CXX object Kernel/CMakeFiles/Kernel.dir/Syscalls/thread.cpp.o
[317/5062] Building CXX object Kernel/CMakeFiles/Kernel.dir/Syscalls/umask.cpp.o
[318/5062] Building CXX object Kernel/CMakeFiles/Kernel.dir/Syscalls/sigaction.cpp.o
[319/5062] Building CXX object Kernel/CMakeFiles/Kernel.dir/Syscalls/unlink.cpp.o
[320/5062] Building CXX object Kernel/CMakeFiles/Kernel.dir/Syscalls/uname.cpp.o
[321/5062] Building CXX object Kernel/CMakeFiles/Kernel.dir/Syscalls/utime.cpp.o
[322/5062] Building CXX object Kernel/CMakeFiles/Kernel.dir/Syscalls/unveil.cpp.o
[323/5062] Building CXX object Kernel/CMakeFiles/Kernel.dir/Syscalls/utimensat.cpp.o
[324/5062] Building CXX object Kernel/CMakeFiles/Kernel.dir/Syscalls/waitid.cpp.o
[325/5062] Building CXX object Kernel/CMakeFiles/Kernel.dir/TTY/ConsoleManagement.cpp.o
[326/5062] Building CXX object Kernel/CMakeFiles/Kernel.dir/Syscalls/write.cpp.o
[327/5062] Building CXX object Kernel/CMakeFiles/Kernel.dir/Syscalls/inode_watcher.cpp.o
[328/5062] Building CXX object Kernel/CMakeFiles/Kernel.dir/TTY/PTYMultiplexer.cpp.o
[329/5062] Building CXX object Kernel/CMakeFiles/Kernel.dir/TTY/MasterPTY.cpp.o
[330/5062] Building CXX object Kernel/CMakeFiles/Kernel.dir/TTY/SlavePTY.cpp.o
[331/5062] Building CXX object Kernel/CMakeFiles/Kernel.dir/TTY/TTY.cpp.o
[332/5062] Building CXX object Kernel/CMakeFiles/Kernel.dir/TTY/VirtualConsole.cpp.o
[333/5062] Building CXX object Kernel/CMakeFiles/Kernel.dir/Tasks/SyncTask.cpp.o
[334/5062] Building CXX object Kernel/CMakeFiles/Kernel.dir/Tasks/FinalizerTask.cpp.o
[335/5062] Building CXX object Kernel/CMakeFiles/Kernel.dir/Thread.cpp.o
[336/5062] Building CXX object Kernel/CMakeFiles/Kernel.dir/ThreadTracer.cpp.o
[337/5062] Building CXX object Kernel/CMakeFiles/Kernel.dir/ThreadBlockers.cpp.o
[338/5062] Building CXX object Kernel/CMakeFiles/Kernel.dir/Time/TimeManagement.cpp.o
[339/5062] Building CXX object Kernel/CMakeFiles/Kernel.dir/TimerQueue.cpp.o
[340/5062] Building CXX object Kernel/CMakeFiles/Kernel.dir/UserOrKernelBuffer.cpp.o
[341/5062] Building CXX object Kernel/CMakeFiles/Kernel.dir/UBSanitizer.cpp.o
[342/5062] Building CXX object Kernel/CMakeFiles/Kernel.dir/Arch/Processor.cpp.o
[343/5062] Building CXX object Kernel/CMakeFiles/Kernel.dir/WorkQueue.cpp.o
[344/5062] Building CXX object Kernel/CMakeFiles/Kernel.dir/WaitQueue.cpp.o
[345/5062] Building CXX object Kernel/CMakeFiles/Kernel.dir/Arch/x86_64/init.cpp.o
[346/5062] Building CXX object Kernel/CMakeFiles/Kernel.dir/Arch/x86_64/CMOS.cpp.o
[347/5062] Building CXX object Kernel/CMakeFiles/Kernel.dir/Arch/x86_64/Delay.cpp.o
[348/5062] Building CXX object Kernel/CMakeFiles/Kernel.dir/Arch/x86_64/DebugOutput.cpp.o
[349/5062] Building CXX object Kernel/CMakeFiles/Kernel.dir/Arch/x86_64/CurrentTime.cpp.o
[350/5062] Building CXX object Kernel/CMakeFiles/Kernel.dir/Arch/x86_64/Interrupts/PIC.cpp.o
[351/5062] Building CXX object Kernel/CMakeFiles/Kernel.dir/Arch/x86_64/Hypervisor/BochsDisplayConnector.cpp.o
[352/5062] Building CXX object Kernel/CMakeFiles/Kernel.dir/Arch/x86_64/I8042Reboot.cpp.o
[353/5062] Building CXX object Kernel/CMakeFiles/Kernel.dir/Arch/x86_64/Interrupts/APIC.cpp.o
[354/5062] Building CXX object Kernel/CMakeFiles/Kernel.dir/Arch/x86_64/Hypervisor/VMWareBackdoor.cpp.o
[355/5062] Building CXX object Kernel/CMakeFiles/Kernel.dir/Arch/x86_64/Interrupts/IOAPIC.cpp.o
[356/5062] Building CXX object Kernel/CMakeFiles/Kernel.dir/Arch/x86_64/Time/HPET.cpp.o
[357/5062] Building CXX object Kernel/CMakeFiles/Kernel.dir/Arch/x86_64/Time/RTC.cpp.o
[358/5062] Building CXX object Kernel/CMakeFiles/Kernel.dir/Arch/x86_64/Time/APICTimer.cpp.o
[359/5062] Building CXX object Kernel/CMakeFiles/Kernel.dir/Arch/x86_64/Time/HPETComparator.cpp.o
[360/5062] Building CXX object Kernel/CMakeFiles/Kernel.dir/Arch/x86_64/Time/PIT.cpp.o
[361/5062] Building CXX object Kernel/CMakeFiles/Kernel.dir/Arch/x86_64/PCSpeaker.cpp.o
[362/5062] Building CXX object Kernel/CMakeFiles/Kernel.dir/Arch/x86_64/ISABus/HID/VMWareMouseDevice.cpp.o
[363/5062] Building CXX object Kernel/CMakeFiles/Kernel.dir/Arch/x86_64/RTC.cpp.o
[364/5062] Building CXX object Kernel/CMakeFiles/Kernel.dir/Arch/x86_64/ISABus/HID/PS2KeyboardDevice.cpp.o
[365/5062] Building CXX object Kernel/CMakeFiles/Kernel.dir/Arch/x86_64/ISABus/IDEController.cpp.o
[366/5062] Building CXX object Kernel/CMakeFiles/Kernel.dir/Arch/x86_64/ISABus/I8042Controller.cpp.o
[367/5062] Building CXX object Kernel/CMakeFiles/Kernel.dir/Arch/x86_64/PCI/IDELegacyModeController.cpp.o
[368/5062] Building CXX object Kernel/CMakeFiles/Kernel.dir/Arch/x86_64/ISABus/HID/PS2MouseDevice.cpp.o
[369/5062] Building CXX object Kernel/CMakeFiles/Kernel.dir/Arch/x86_64/PCI/Controller/HostBridge.cpp.o
[370/5062] Building CXX object Kernel/CMakeFiles/Kernel.dir/Arch/x86_64/ISABus/SerialDevice.cpp.o
[371/5062] Building CXX object Kernel/CMakeFiles/Kernel.dir/Arch/x86_64/Shutdown.cpp.o
[372/5062] Building CXX object Kernel/CMakeFiles/Kernel.dir/Arch/x86_64/PCI/Initializer.cpp.o
[373/5062] Building CXX object Kernel/CMakeFiles/Kernel.dir/Arch/x86_64/VGA/IOArbiter.cpp.o
[374/5062] Building CXX object Kernel/CMakeFiles/Kernel.dir/Arch/x86_64/SmapDisabler.cpp.o
[375/5062] Building CXX object Kernel/CMakeFiles/Kernel.dir/Panic.cpp.o
[376/5062] Building CXX object Kernel/CMakeFiles/Kernel.dir/Interrupts/SpuriousInterruptHandler.cpp.o
[377/5062] Building CXX object Kernel/CMakeFiles/Kernel.dir/Arch/x86_64/CPU.cpp.o
[378/5062] Building CXX object Kernel/CMakeFiles/Kernel.dir/kprintf.cpp.o
[379/5062] Building CXX object Kernel/CMakeFiles/Kernel.dir/Arch/x86_64/InterruptEntry.cpp.o
[380/5062] Building CXX object Kernel/CMakeFiles/Kernel.dir/Arch/x86_64/ASM_wrapper.cpp.o
[381/5062] Building CXX object Kernel/CMakeFiles/Kernel.dir/Arch/x86_64/CPUID.cpp.o
[382/5062] Building CXX object Kernel/CMakeFiles/Kernel.dir/Arch/x86_64/InterruptManagement.cpp.o
[383/5062] Building CXX object Kernel/CMakeFiles/Kernel.dir/Arch/x86_64/Processor.cpp.o
[384/5062] Building CXX object Kernel/CMakeFiles/Kernel.dir/Arch/x86_64/Interrupts.cpp.o
[385/5062] Building CXX object Kernel/CMakeFiles/Kernel.dir/Arch/x86_64/SafeMem.cpp.o
[386/5062] Building CXX object Kernel/CMakeFiles/Kernel.dir/Arch/x86_64/PageDirectory.cpp.o
[387/5062] Building CXX object Kernel/CMakeFiles/Kernel.dir/Arch/x86_64/ProcessorInfo.cpp.o
[388/5062] Building CXX object Kernel/CMakeFiles/Kernel.dir/__/AK/DOSPackedTime.cpp.o
[389/5062] Building CXX object Kernel/CMakeFiles/Kernel.dir/Arch/x86_64/TrapFrame.cpp.o
[390/5062] Building CXX object Kernel/CMakeFiles/Kernel.dir/__/AK/GenericLexer.cpp.o
[391/5062] Building CXX object Kernel/CMakeFiles/Kernel.dir/Arch/x86_64/SyscallEntry.cpp.o
[392/5062] Building CXX object Kernel/CMakeFiles/Kernel.dir/__/AK/Hex.cpp.o
[393/5062] Building CXX object Kernel/CMakeFiles/Kernel.dir/__/AK/Stream.cpp.o
[394/5062] Building CXX object Kernel/CMakeFiles/Kernel.dir/__/AK/MemoryStream.cpp.o
[395/5062] Building CXX object Kernel/CMakeFiles/Kernel.dir/__/AK/StringView.cpp.o
[396/5062] Building CXX object Kernel/CMakeFiles/Kernel.dir/__/AK/StringUtils.cpp.o
[397/5062] Building CXX object Kernel/CMakeFiles/Kernel.dir/__/AK/StringBuilder.cpp.o
[398/5062] Building CXX object Kernel/CMakeFiles/Kernel.dir/__/AK/Time.cpp.o
[399/5062] Building CXX object Kernel/CMakeFiles/Kernel.dir/__/AK/Error.cpp.o
[400/5062] Building CXX object Kernel/CMakeFiles/Kernel.dir/__/AK/UUID.cpp.o
[401/5062] Building CXX object Kernel/CMakeFiles/Kernel.dir/__/AK/Format.cpp.o
[402/5062] Building CXX object Kernel/CMakeFiles/Kernel.dir/__/Userland/Libraries/LibVT/Line.cpp.o
[403/5062] Building CXX object Kernel/CMakeFiles/Kernel.dir/__/Userland/Libraries/LibEDID/DMT.cpp.o
[404/5062] Building CXX object Kernel/CMakeFiles/Kernel.dir/__/Userland/Libraries/LibPartition/DiskPartitionMetadata.cpp.o
[405/5062] Building CXX object Kernel/CMakeFiles/Kernel.dir/__/Userland/Libraries/LibEDID/VIC.cpp.o
[406/5062] Building CXX object Kernel/CMakeFiles/Kernel.dir/__/Userland/Libraries/LibEDID/EDID.cpp.o
[407/5062] Building CXX object Kernel/CMakeFiles/Kernel.dir/__/Userland/Libraries/LibELF/Image.cpp.o
[408/5062] Building CXX object Kernel/CMakeFiles/Kernel.dir/__/Userland/Libraries/LibELF/Validation.cpp.o
[409/5062] Building CXX object Kernel/CMakeFiles/Kernel.dir/__/Userland/Libraries/LibVT/Terminal.cpp.o
[410/5062] Building CXX object Kernel/CMakeFiles/Kernel.dir/__/Userland/Libraries/LibVT/EscapeSequenceParser.cpp.o
[411/5062] Building CXX object Kernel/CMakeFiles/Kernel.dir/__/Userland/Libraries/LibPartition/EBRPartitionTable.cpp.o
[412/5062] Building CXX object Kernel/CMakeFiles/Kernel.dir/__/Userland/Libraries/LibCrypto/Cipher/AES.cpp.o
[413/5062] Building CXX object Kernel/CMakeFiles/Kernel.dir/__/Userland/Libraries/LibCrypto/Hash/SHA2.cpp.o
[414/5062] Building CXX object Kernel/CMakeFiles/Kernel.dir/__/Userland/Libraries/LibPartition/GUIDPartitionTable.cpp.o
[415/5062] Building CXX object Kernel/CMakeFiles/Kernel.dir/__/Userland/Libraries/LibPartition/MBRPartitionTable.cpp.o
[416/5062] Building CXX object Kernel/CMakeFiles/Kernel.dir/__/Userland/Libraries/LibPartition/PartitionTable.cpp.o
[417/5062] Building CXX object Userland/Libraries/LibC/CMakeFiles/crt0.dir/crt0.cpp.o
[418/5062] Building CXX object Userland/Libraries/LibC/CMakeFiles/crt0_shared.dir/crt0_shared.cpp.o
[419/5062] Generating LanguageServerEndpoint.h
[420/5062] Building CXX object Userland/Libraries/LibC/CMakeFiles/ssp_nonshared.dir/ssp_nonshared.cpp.o
[421/5062] Linking CXX static library Userland/Libraries/LibC/libssp_nonshared.a
[422/5062] Linking CXX static library Userland/Libraries/LibC/libcrt0.a
[423/5062] Linking CXX static library Userland/Libraries/LibC/libcrt0_shared.a
[424/5062] Generating Bindings/AbortControllerPrototype.cpp
[425/5062] Generating Bindings/StyleSheetListConstructor.cpp
[426/5062] Generating Bindings/AbstractRangeConstructor.h
[427/5062] Generating Bindings/AbstractRangeConstructor.cpp
[428/5062] Generating Bindings/AbstractRangePrototype.h
[429/5062] Generating Bindings/AbstractRangePrototype.cpp
[430/5062] Generating Bindings/AttrPrototype.cpp
[431/5062] Generating Bindings/AttrConstructor.cpp
[432/5062] Generating Bindings/AttrPrototype.h
[433/5062] Generating Bindings/AbortControllerConstructor.h
[434/5062] Generating Bindings/DocumentFragmentPrototype.h
[435/5062] Generating Bindings/DocumentTypeConstructor.h
[436/5062] Generating Bindings/AbortControllerConstructor.cpp
[437/5062] Generating Bindings/AbortSignalConstructor.h
[438/5062] Generating Bindings/AbortSignalPrototype.h
[439/5062] Generating Bindings/AbortSignalConstructor.cpp
[440/5062] Generating Bindings/AbortSignalPrototype.cpp
[441/5062] Generating Bindings/CDATASectionConstructor.h
[442/5062] Generating Bindings/CDATASectionConstructor.cpp
[443/5062] Generating Bindings/CDATASectionPrototype.h
[444/5062] Generating Bindings/CDATASectionPrototype.cpp
[445/5062] Generating Bindings/CharacterDataConstructor.cpp
[446/5062] Generating Bindings/CharacterDataPrototype.h
[447/5062] Generating Bindings/CharacterDataPrototype.cpp
[448/5062] Generating Bindings/CommentConstructor.h
[449/5062] Generating Bindings/CommentConstructor.cpp
[450/5062] Generating Bindings/CommentPrototype.h
[451/5062] Generating Bindings/CustomEventConstructor.h
[452/5062] Generating Bindings/CommentPrototype.cpp
[453/5062] Generating Bindings/CustomEventConstructor.cpp
[454/5062] Generating Bindings/CustomEventPrototype.h
[455/5062] Building CXX object Userland/Libraries/LibCrypt/CMakeFiles/LibCryptSHA2.dir/__/LibCrypto/Hash/SHA2.cpp.o
[456/5062] Generating Bindings/CustomEventPrototype.cpp
[457/5062] Generating Bindings/DocumentConstructor.h
[458/5062] Generating PnpIDs.h, PnpIDs.cpp
[459/5062] Generating GL/glapi.h, GLAPI.cpp
[460/5062] Generating RelativeTimeFormatData.h, RelativeTimeFormatData.cpp
[461/5062] Generating NumberFormatData.h, NumberFormatData.cpp
[462/5062] Generating PluralRulesData.h, PluralRulesData.cpp
[463/5062] Building CXX object Userland/Libraries/LibSanitizer/CMakeFiles/LibUBSanitizerStatic.dir/UBSanitizer.cpp.o
[464/5062] Building CXX object Userland/Libraries/LibSanitizer/CMakeFiles/LibUBSanitizer.dir/UBSanitizer.cpp.o
[465/5062] Building CXX object Userland/Libraries/LibSanitizer/CMakeFiles/LibUBSanitizer.dir/__/LibC/ssp.cpp.o
[466/5062] Building CXX object Userland/Libraries/LibSanitizer/CMakeFiles/LibUBSanitizer.dir/__/LibC/ssp_nonshared.cpp.o
[467/5062] Building CXX object Userland/Libraries/LibSanitizer/CMakeFiles/LibUBSanitizerStatic.dir/__/LibC/ssp.cpp.o
[468/5062] Linking CXX shared library Userland/Libraries/LibSanitizer/libubsan.so
[469/5062] Building CXX object Userland/Libraries/LibSanitizer/CMakeFiles/LibUBSanitizerStatic.dir/__/LibC/ssp_nonshared.cpp.o
[470/5062] Linking CXX static library Userland/Libraries/LibSanitizer/libLibUBSanitizerStatic.a
[471/5062] Building CXX object Userland/Libraries/LibSystem/CMakeFiles/LibSystem.dir/syscall.cpp.o
[472/5062] Linking CXX shared library Userland/Libraries/LibSystem/libsystem.so
[473/5062] Building CXX object Userland/Libraries/LibSystem/CMakeFiles/LibSystemStatic.dir/syscall.cpp.o
[474/5062] Linking CXX static library Userland/Libraries/LibSystem/libLibSystemStatic.a
[475/5062] Linking CXX executable Kernel/Kernel
[476/5062] Building CXX object Userland/Libraries/LibTest/CMakeFiles/LibTestMain.dir/TestMain.cpp.o
[477/5062] Generating TimeZoneData.h, TimeZoneData.cpp
[478/5062] Building CXX object Userland/DynamicLoader/CMakeFiles/Loader.so.dir/__/__/AK/Assertions.cpp.o
[479/5062] Building CXX object Userland/DynamicLoader/CMakeFiles/Loader.so.dir/main.cpp.o
[480/5062] Building CXX object Userland/DynamicLoader/CMakeFiles/Loader.so.dir/misc.cpp.o
[481/5062] Building CXX object Userland/DynamicLoader/CMakeFiles/Loader.so.dir/__/__/AK/Base64.cpp.o
[482/5062] Building CXX object Userland/DynamicLoader/CMakeFiles/Loader.so.dir/__/__/AK/CircularBuffer.cpp.o
[483/5062] Building CXX object Userland/DynamicLoader/CMakeFiles/Loader.so.dir/__/__/AK/DOSPackedTime.cpp.o
[484/5062] Building CXX object Userland/DynamicLoader/CMakeFiles/Loader.so.dir/__/__/AK/DeprecatedFlyString.cpp.o
[485/5062] Building CXX object Userland/DynamicLoader/CMakeFiles/Loader.so.dir/__/__/AK/DeprecatedString.cpp.o
[486/5062] Generating DateTimeFormatData.h, DateTimeFormatData.cpp
[487/5062] Building CXX object Userland/DynamicLoader/CMakeFiles/Loader.so.dir/__/__/AK/Error.cpp.o
[488/5062] Building CXX object Userland/DynamicLoader/CMakeFiles/Loader.so.dir/__/__/AK/FloatingPointStringConversions.cpp.o
[489/5062] Building CXX object Userland/DynamicLoader/CMakeFiles/Loader.so.dir/__/__/AK/Format.cpp.o
[490/5062] Building CXX object Userland/DynamicLoader/CMakeFiles/Loader.so.dir/__/__/AK/FlyString.cpp.o
[491/5062] Building CXX object Userland/DynamicLoader/CMakeFiles/Loader.so.dir/__/__/AK/FuzzyMatch.cpp.o
[492/5062] Building CXX object Userland/DynamicLoader/CMakeFiles/Loader.so.dir/__/__/AK/GenericLexer.cpp.o
[493/5062] Building CXX object Userland/DynamicLoader/CMakeFiles/Loader.so.dir/__/__/AK/Hex.cpp.o
[494/5062] Building CXX object Userland/DynamicLoader/CMakeFiles/Loader.so.dir/__/__/AK/JsonObject.cpp.o
[495/5062] Building CXX object Userland/DynamicLoader/CMakeFiles/Loader.so.dir/__/__/AK/JsonPath.cpp.o
[496/5062] Building CXX object Userland/DynamicLoader/CMakeFiles/Loader.so.dir/__/__/AK/JsonParser.cpp.o
[497/5062] Building CXX object Userland/DynamicLoader/CMakeFiles/Loader.so.dir/__/__/AK/JsonValue.cpp.o
[498/5062] Building CXX object Userland/DynamicLoader/CMakeFiles/Loader.so.dir/__/__/AK/MemoryStream.cpp.o
[499/5062] Building CXX object Userland/DynamicLoader/CMakeFiles/Loader.so.dir/__/__/AK/NumberFormat.cpp.o
[500/5062] Building CXX object Userland/DynamicLoader/CMakeFiles/Loader.so.dir/__/__/AK/OptionParser.cpp.o
[501/5062] Building CXX object Userland/DynamicLoader/CMakeFiles/Loader.so.dir/__/__/AK/Random.cpp.o
[502/5062] Building CXX object Userland/DynamicLoader/CMakeFiles/Loader.so.dir/__/__/AK/StackInfo.cpp.o
[503/5062] Building CXX object Userland/DynamicLoader/CMakeFiles/Loader.so.dir/__/__/AK/Stream.cpp.o
[504/5062] Building CXX object Userland/DynamicLoader/CMakeFiles/Loader.so.dir/__/__/AK/String.cpp.o
[505/5062] Building CXX object Userland/DynamicLoader/CMakeFiles/Loader.so.dir/__/__/AK/StringBuilder.cpp.o
[506/5062] Building CXX object Userland/DynamicLoader/CMakeFiles/Loader.so.dir/__/__/AK/StringFloatingPointConversions.cpp.o
[507/5062] Building CXX object Userland/DynamicLoader/CMakeFiles/Loader.so.dir/__/__/AK/StringImpl.cpp.o
[508/5062] Building CXX object Userland/DynamicLoader/CMakeFiles/Loader.so.dir/__/__/AK/StringUtils.cpp.o
[509/5062] Building CXX object Userland/DynamicLoader/CMakeFiles/Loader.so.dir/__/__/AK/StringView.cpp.o
[510/5062] Building CXX object Userland/DynamicLoader/CMakeFiles/Loader.so.dir/__/__/AK/Time.cpp.o
[511/5062] Building CXX object Userland/DynamicLoader/CMakeFiles/Loader.so.dir/__/__/AK/LexicalPath.cpp.o
[512/5062] Building CXX object Userland/DynamicLoader/CMakeFiles/Loader.so.dir/__/__/AK/URL.cpp.o
[513/5062] Building CXX object Userland/DynamicLoader/CMakeFiles/Loader.so.dir/__/__/AK/UUID.cpp.o
[514/5062] Building CXX object Userland/DynamicLoader/CMakeFiles/Loader.so.dir/__/__/AK/Utf16View.cpp.o
[515/5062] Building CXX object Userland/DynamicLoader/CMakeFiles/Loader.so.dir/__/__/AK/Utf32View.cpp.o
[516/5062] Building CXX object Userland/DynamicLoader/CMakeFiles/Loader.so.dir/__/__/AK/Utf8View.cpp.o
[517/5062] Building CXX object Userland/DynamicLoader/CMakeFiles/Loader.so.dir/__/__/AK/kmalloc.cpp.o
[518/5062] Building CXX object Userland/DynamicLoader/CMakeFiles/Loader.so.dir/__/__/AK/URLParser.cpp.o
[519/5062] Building CXX object Userland/DynamicLoader/CMakeFiles/Loader.so.dir/__/Libraries/LibELF/DynamicLoader.cpp.o
[520/5062] Building CXX object Userland/DynamicLoader/CMakeFiles/Loader.so.dir/__/Libraries/LibELF/DynamicObject.cpp.o
[521/5062] Building CXX object Userland/DynamicLoader/CMakeFiles/Loader.so.dir/__/Libraries/LibELF/Image.cpp.o
[522/5062] Building CXX object Userland/DynamicLoader/CMakeFiles/Loader.so.dir/__/Libraries/LibELF/Relocation.cpp.o
[523/5062] Building CXX object Userland/DynamicLoader/CMakeFiles/Loader.so.dir/__/Libraries/LibELF/Validation.cpp.o
[524/5062] Building CXX object Userland/DynamicLoader/CMakeFiles/Loader.so.dir/__/Libraries/LibC/assert.cpp.o
[525/5062] Building CXX object Userland/DynamicLoader/CMakeFiles/Loader.so.dir/__/Libraries/LibC/complex.cpp.o
[526/5062] Building CXX object Userland/DynamicLoader/CMakeFiles/Loader.so.dir/__/Libraries/LibC/crt0.cpp.o
[527/5062] Building CXX object Userland/DynamicLoader/CMakeFiles/Loader.so.dir/__/Libraries/LibC/crt0_shared.cpp.o
[528/5062] Building CXX object Userland/DynamicLoader/CMakeFiles/Loader.so.dir/__/Libraries/LibC/ctype.cpp.o
[529/5062] Building CXX object Userland/DynamicLoader/CMakeFiles/Loader.so.dir/__/Libraries/LibC/cxxabi.cpp.o
[530/5062] Building CXX object Userland/DynamicLoader/CMakeFiles/Loader.so.dir/__/Libraries/LibC/dirent.cpp.o
[531/5062] Building CXX object Userland/DynamicLoader/CMakeFiles/Loader.so.dir/__/Libraries/LibC/dlfcn.cpp.o
[532/5062] Building CXX object Userland/DynamicLoader/CMakeFiles/Loader.so.dir/__/Libraries/LibC/fcntl.cpp.o
[533/5062] Building CXX object Userland/DynamicLoader/CMakeFiles/Loader.so.dir/__/Libraries/LibC/fenv.cpp.o
[534/5062] Building CXX object Userland/DynamicLoader/CMakeFiles/Loader.so.dir/__/Libraries/LibC/fnmatch.cpp.o
[535/5062] Building CXX object Userland/DynamicLoader/CMakeFiles/Loader.so.dir/__/Libraries/LibC/getopt.cpp.o
[536/5062] Building CXX object Userland/DynamicLoader/CMakeFiles/Loader.so.dir/__/Libraries/LibC/getsubopt.cpp.o
[537/5062] Building CXX object Userland/DynamicLoader/CMakeFiles/Loader.so.dir/__/Libraries/LibC/glob.cpp.o
[538/5062] Building CXX object Userland/DynamicLoader/CMakeFiles/Loader.so.dir/__/Libraries/LibC/grp.cpp.o
[539/5062] Building CXX object Userland/DynamicLoader/CMakeFiles/Loader.so.dir/__/Libraries/LibC/ifaddrs.cpp.o
[540/5062] Building CXX object Userland/DynamicLoader/CMakeFiles/Loader.so.dir/__/Libraries/LibC/inttypes.cpp.o
[541/5062] Building CXX object Userland/DynamicLoader/CMakeFiles/Loader.so.dir/__/Libraries/LibC/ioctl.cpp.o
[542/5062] Building CXX object Userland/DynamicLoader/CMakeFiles/Loader.so.dir/__/Libraries/LibC/langinfo.cpp.o
[543/5062] Building CXX object Userland/DynamicLoader/CMakeFiles/Loader.so.dir/__/Libraries/LibC/libcinit.cpp.o
[544/5062] Building CXX object Userland/DynamicLoader/CMakeFiles/Loader.so.dir/__/Libraries/LibC/libgen.cpp.o
[545/5062] Building CXX object Userland/DynamicLoader/CMakeFiles/Loader.so.dir/__/Libraries/LibC/link.cpp.o
[546/5062] Building CXX object Userland/DynamicLoader/CMakeFiles/Loader.so.dir/__/Libraries/LibC/locale.cpp.o
[547/5062] Building CXX object Userland/DynamicLoader/CMakeFiles/Loader.so.dir/__/Libraries/LibC/malloc.cpp.o
[548/5062] Building CXX object Userland/DynamicLoader/CMakeFiles/Loader.so.dir/__/Libraries/LibC/math.cpp.o
[549/5062] Building CXX object Userland/DynamicLoader/CMakeFiles/Loader.so.dir/__/Libraries/LibC/mntent.cpp.o
[550/5062] Building CXX object Userland/DynamicLoader/CMakeFiles/Loader.so.dir/__/Libraries/LibC/net.cpp.o
[551/5062] Building CXX object Userland/DynamicLoader/CMakeFiles/Loader.so.dir/__/Libraries/LibC/netdb.cpp.o
[552/5062] Building CXX object Userland/DynamicLoader/CMakeFiles/Loader.so.dir/__/Libraries/LibC/poll.cpp.o
[553/5062] Building CXX object Userland/DynamicLoader/CMakeFiles/Loader.so.dir/__/Libraries/LibC/priority.cpp.o
[554/5062] Building CXX object Userland/DynamicLoader/CMakeFiles/Loader.so.dir/__/Libraries/LibC/pthread_cond.cpp.o
[555/5062] Building CXX object Userland/DynamicLoader/CMakeFiles/Loader.so.dir/__/Libraries/LibC/pthread_integration.cpp.o
[556/5062] Building CXX object Userland/DynamicLoader/CMakeFiles/Loader.so.dir/__/Libraries/LibC/pthread_once.cpp.o
[557/5062] Building CXX object Userland/DynamicLoader/CMakeFiles/Loader.so.dir/__/Libraries/LibC/pthread_tls.cpp.o
[558/5062] Building CXX object Userland/DynamicLoader/CMakeFiles/Loader.so.dir/__/Libraries/LibC/pty.cpp.o
[559/5062] Building CXX object Userland/DynamicLoader/CMakeFiles/Loader.so.dir/__/Libraries/LibC/pwd.cpp.o
[560/5062] Building CXX object Userland/DynamicLoader/CMakeFiles/Loader.so.dir/__/Libraries/LibC/qsort.cpp.o
[561/5062] Building CXX object Userland/DynamicLoader/CMakeFiles/Loader.so.dir/__/Libraries/LibC/regex.cpp.o
[562/5062] Building CXX object Userland/DynamicLoader/CMakeFiles/Loader.so.dir/__/Libraries/LibC/resolv.cpp.o
[563/5062] Building CXX object Userland/DynamicLoader/CMakeFiles/Loader.so.dir/__/Libraries/LibC/scanf.cpp.o
[564/5062] Building CXX object Userland/DynamicLoader/CMakeFiles/Loader.so.dir/__/Libraries/LibC/sched.cpp.o
[565/5062] Building CXX object Userland/DynamicLoader/CMakeFiles/Loader.so.dir/__/Libraries/LibC/search.cpp.o
[566/5062] Building CXX object Userland/DynamicLoader/CMakeFiles/Loader.so.dir/__/Libraries/LibC/serenity.cpp.o
[567/5062] Building CXX object Userland/DynamicLoader/CMakeFiles/Loader.so.dir/__/Libraries/LibC/shadow.cpp.o
[568/5062] Building CXX object Userland/DynamicLoader/CMakeFiles/Loader.so.dir/__/Libraries/LibC/signal.cpp.o
[569/5062] Building CXX object Userland/DynamicLoader/CMakeFiles/Loader.so.dir/__/Libraries/LibC/spawn.cpp.o
[570/5062] Building CXX object Userland/DynamicLoader/CMakeFiles/Loader.so.dir/__/Libraries/LibC/ssp.cpp.o
[571/5062] Building CXX object Userland/DynamicLoader/CMakeFiles/Loader.so.dir/__/Libraries/LibC/ssp_nonshared.cpp.o
[572/5062] Building CXX object Userland/DynamicLoader/CMakeFiles/Loader.so.dir/__/Libraries/LibC/stat.cpp.o
[573/5062] Building CXX object Userland/DynamicLoader/CMakeFiles/Loader.so.dir/__/Libraries/LibC/stdio.cpp.o
[574/5062] Building CXX object Userland/DynamicLoader/CMakeFiles/Loader.so.dir/__/Libraries/LibC/stdlib.cpp.o
[575/5062] Building CXX object Userland/DynamicLoader/CMakeFiles/Loader.so.dir/__/Libraries/LibC/string.cpp.o
[576/5062] Building CXX object Userland/DynamicLoader/CMakeFiles/Loader.so.dir/__/Libraries/LibC/strings.cpp.o
[577/5062] Building CXX object Userland/DynamicLoader/CMakeFiles/Loader.so.dir/__/Libraries/LibC/stubs.cpp.o
[578/5062] Building CXX object Userland/DynamicLoader/CMakeFiles/Loader.so.dir/__/Libraries/LibC/syslog.cpp.o
[579/5062] Building CXX object Userland/DynamicLoader/CMakeFiles/Loader.so.dir/__/Libraries/LibC/termcap.cpp.o
[580/5062] Building CXX object Userland/DynamicLoader/CMakeFiles/Loader.so.dir/__/Libraries/LibC/termios.cpp.o
[581/5062] Building CXX object Userland/DynamicLoader/CMakeFiles/Loader.so.dir/__/Libraries/LibC/time.cpp.o
[582/5062] Building CXX object Userland/DynamicLoader/CMakeFiles/Loader.so.dir/__/Libraries/LibC/times.cpp.o
[583/5062] Building CXX object Userland/DynamicLoader/CMakeFiles/Loader.so.dir/__/Libraries/LibC/ulimit.cpp.o
[584/5062] Building CXX object Userland/DynamicLoader/CMakeFiles/Loader.so.dir/__/Libraries/LibC/unistd.cpp.o
[585/5062] Building CXX object Userland/DynamicLoader/CMakeFiles/Loader.so.dir/__/Libraries/LibC/utime.cpp.o
[586/5062] Building CXX object Userland/DynamicLoader/CMakeFiles/Loader.so.dir/__/Libraries/LibC/utsname.cpp.o
[587/5062] Building CXX object Userland/DynamicLoader/CMakeFiles/Loader.so.dir/__/Libraries/LibC/wchar.cpp.o
[588/5062] Building CXX object Userland/DynamicLoader/CMakeFiles/Loader.so.dir/__/Libraries/LibC/wctype.cpp.o
[589/5062] Building CXX object Userland/DynamicLoader/CMakeFiles/Loader.so.dir/__/Libraries/LibC/wstdio.cpp.o
[590/5062] Building CXX object Userland/DynamicLoader/CMakeFiles/Loader.so.dir/__/Libraries/LibC/arpa/inet.cpp.o
[591/5062] Building CXX object Userland/DynamicLoader/CMakeFiles/Loader.so.dir/__/Libraries/LibC/sys/auxv.cpp.o
[592/5062] Building CXX object Userland/DynamicLoader/CMakeFiles/Loader.so.dir/__/Libraries/LibC/sys/file.cpp.o
[593/5062] Building CXX object Userland/DynamicLoader/CMakeFiles/Loader.so.dir/__/Libraries/LibC/sys/mman.cpp.o
[594/5062] Building CXX object Userland/DynamicLoader/CMakeFiles/Loader.so.dir/__/Libraries/LibC/sys/prctl.cpp.o
[595/5062] Building CXX object Userland/DynamicLoader/CMakeFiles/Loader.so.dir/__/Libraries/LibC/sys/ptrace.cpp.o
[596/5062] Building CXX object Userland/DynamicLoader/CMakeFiles/Loader.so.dir/__/Libraries/LibC/sys/select.cpp.o
[597/5062] Building CXX object Userland/DynamicLoader/CMakeFiles/Loader.so.dir/__/Libraries/LibC/sys/socket.cpp.o
[598/5062] Building CXX object Userland/DynamicLoader/CMakeFiles/Loader.so.dir/__/Libraries/LibC/sys/statvfs.cpp.o
[599/5062] Building CXX object Userland/DynamicLoader/CMakeFiles/Loader.so.dir/__/Libraries/LibC/sys/uio.cpp.o
[600/5062] Generating LocaleData.h, LocaleData.cpp
[601/5062] Building CXX object Userland/DynamicLoader/CMakeFiles/Loader.so.dir/__/Libraries/LibC/sys/wait.cpp.o
[602/5062] Building CXX object Userland/DynamicLoader/CMakeFiles/Loader.so.dir/__/Libraries/LibSystem/syscall.cpp.o
[603/5062] Building CXX object Userland/DynamicLoader/CMakeFiles/Loader.so.dir/__/Libraries/LibC/arch/x86_64/memset.cpp.o
[604/5062] Building CXX object Userland/Libraries/LibC/CMakeFiles/LibCStaticWithoutDeps.dir/ctype.cpp.o
[605/5062] Building CXX object Userland/Libraries/LibC/CMakeFiles/LibCStaticWithoutDeps.dir/ioctl.cpp.o
[606/5062] Building CXX object Userland/Libraries/LibC/CMakeFiles/LibCStaticWithoutDeps.dir/assert.cpp.o
[607/5062] Building CXX object Userland/Libraries/LibC/CMakeFiles/LibCStaticWithoutDeps.dir/arpa/inet.cpp.o
[608/5062] Building CXX object Userland/Libraries/LibC/CMakeFiles/LibCStaticWithoutDeps.dir/complex.cpp.o
[609/5062] Building CXX object Userland/Libraries/LibC/CMakeFiles/LibCStaticWithoutDeps.dir/dlfcn.cpp.o
[610/5062] Building CXX object Userland/Libraries/LibC/CMakeFiles/LibCStaticWithoutDeps.dir/cxxabi.cpp.o
[611/5062] Building CXX object Userland/Libraries/LibC/CMakeFiles/LibCStaticWithoutDeps.dir/fcntl.cpp.o
[612/5062] Building CXX object Userland/Libraries/LibC/CMakeFiles/LibCStaticWithoutDeps.dir/fenv.cpp.o
[613/5062] Building CXX object Userland/Libraries/LibC/CMakeFiles/LibCStaticWithoutDeps.dir/dirent.cpp.o
[614/5062] Building CXX object Userland/Libraries/LibC/CMakeFiles/LibCStaticWithoutDeps.dir/glob.cpp.o
[615/5062] Building CXX object Userland/Libraries/LibC/CMakeFiles/LibCStaticWithoutDeps.dir/ifaddrs.cpp.o
[616/5062] Building CXX object Userland/Libraries/LibC/CMakeFiles/LibCStaticWithoutDeps.dir/fnmatch.cpp.o
[617/5062] Building CXX object Userland/Libraries/LibC/CMakeFiles/LibCStaticWithoutDeps.dir/getopt.cpp.o
[618/5062] Building CXX object Userland/Libraries/LibC/CMakeFiles/LibCStaticWithoutDeps.dir/grp.cpp.o
[619/5062] Building CXX object Userland/Libraries/LibC/CMakeFiles/LibCStaticWithoutDeps.dir/link.cpp.o
[620/5062] Building CXX object Userland/Libraries/LibC/CMakeFiles/LibCStaticWithoutDeps.dir/getsubopt.cpp.o
[621/5062] Building CXX object Userland/Libraries/LibC/CMakeFiles/LibCStaticWithoutDeps.dir/inttypes.cpp.o
[622/5062] Building CXX object Userland/Libraries/LibC/CMakeFiles/LibCStaticWithoutDeps.dir/net.cpp.o
[623/5062] Building CXX object Userland/Libraries/LibC/CMakeFiles/LibCStaticWithoutDeps.dir/langinfo.cpp.o
[624/5062] Building CXX object Userland/Libraries/LibC/CMakeFiles/LibCStaticWithoutDeps.dir/libcinit.cpp.o
[625/5062] Building CXX object Userland/Libraries/LibC/CMakeFiles/LibCStaticWithoutDeps.dir/libgen.cpp.o
[626/5062] Building CXX object Userland/Libraries/LibC/CMakeFiles/LibCStaticWithoutDeps.dir/locale.cpp.o
[627/5062] Building CXX object Userland/Libraries/LibC/CMakeFiles/LibCStaticWithoutDeps.dir/math.cpp.o
[628/5062] Building CXX object Userland/Libraries/LibC/CMakeFiles/LibCStaticWithoutDeps.dir/malloc.cpp.o
[629/5062] Building CXX object Userland/Libraries/LibC/CMakeFiles/LibCStaticWithoutDeps.dir/pthread_integration.cpp.o
[630/5062] Building CXX object Userland/Libraries/LibC/CMakeFiles/LibCStaticWithoutDeps.dir/netdb.cpp.o
[631/5062] Building CXX object Userland/Libraries/LibC/CMakeFiles/LibCStaticWithoutDeps.dir/mntent.cpp.o
[632/5062] Building CXX object Userland/Libraries/LibC/CMakeFiles/LibCStaticWithoutDeps.dir/poll.cpp.o
[633/5062] Building CXX object Userland/Libraries/LibC/CMakeFiles/LibCStaticWithoutDeps.dir/scanf.cpp.o
[634/5062] Building CXX object Userland/Libraries/LibC/CMakeFiles/LibCStaticWithoutDeps.dir/priority.cpp.o
[635/5062] Building CXX object Userland/Libraries/LibC/CMakeFiles/LibCStaticWithoutDeps.dir/pthread.cpp.o
[636/5062] Building CXX object Userland/Libraries/LibC/CMakeFiles/LibCStaticWithoutDeps.dir/pthread_cond.cpp.o
[637/5062] Building CXX object Userland/Libraries/LibC/CMakeFiles/LibCStaticWithoutDeps.dir/pty.cpp.o
[638/5062] Building CXX object Userland/Libraries/LibC/CMakeFiles/LibCStaticWithoutDeps.dir/pthread_tls.cpp.o
[639/5062] Building CXX object Userland/Libraries/LibC/CMakeFiles/LibCStaticWithoutDeps.dir/pthread_once.cpp.o
[640/5062] Building CXX object Userland/Libraries/LibC/CMakeFiles/LibCStaticWithoutDeps.dir/pwd.cpp.o
[641/5062] Building CXX object Userland/Libraries/LibC/CMakeFiles/LibCStaticWithoutDeps.dir/regex.cpp.o
[642/5062] Building CXX object Userland/Libraries/LibC/CMakeFiles/LibCStaticWithoutDeps.dir/qsort.cpp.o
[643/5062] Building CXX object Userland/Libraries/LibC/CMakeFiles/LibCStaticWithoutDeps.dir/spawn.cpp.o
[644/5062] Building CXX object Userland/Libraries/LibC/CMakeFiles/LibCStaticWithoutDeps.dir/sched.cpp.o
[645/5062] Building CXX object Userland/Libraries/LibC/CMakeFiles/LibCStaticWithoutDeps.dir/resolv.cpp.o
[646/5062] Building CXX object Userland/Libraries/LibC/CMakeFiles/LibCStaticWithoutDeps.dir/stubs.cpp.o
[647/5062] Building CXX object Userland/Libraries/LibC/CMakeFiles/LibCStaticWithoutDeps.dir/search.cpp.o
[648/5062] Building CXX object Userland/Libraries/LibC/CMakeFiles/LibCStaticWithoutDeps.dir/semaphore.cpp.o
[649/5062] Building CXX object Userland/Libraries/LibC/CMakeFiles/LibCStaticWithoutDeps.dir/serenity.cpp.o
[650/5062] Building CXX object Userland/Libraries/LibC/CMakeFiles/LibCStaticWithoutDeps.dir/shadow.cpp.o
[651/5062] Building CXX object Userland/Libraries/LibC/CMakeFiles/LibCStaticWithoutDeps.dir/signal.cpp.o
[652/5062] Building CXX object Userland/DynamicLoader/CMakeFiles/Loader.so.dir/__/Libraries/LibELF/DynamicLinker.cpp.o
[653/5062] Building CXX object Userland/Libraries/LibC/CMakeFiles/LibCStaticWithoutDeps.dir/stat.cpp.o
[654/5062] Building CXX object Userland/Libraries/LibC/CMakeFiles/LibCStaticWithoutDeps.dir/ssp.cpp.o
[655/5062] Building CXX object Userland/Libraries/LibC/CMakeFiles/LibCStaticWithoutDeps.dir/time.cpp.o
[656/5062] Building CXX object Userland/Libraries/LibC/CMakeFiles/LibCStaticWithoutDeps.dir/stdio.cpp.o
[657/5062] Building CXX object Userland/Libraries/LibC/CMakeFiles/LibCStaticWithoutDeps.dir/stdlib.cpp.o
[658/5062] Building CXX object Userland/Libraries/LibC/CMakeFiles/LibCStaticWithoutDeps.dir/string.cpp.o
[659/5062] Building CXX object Userland/Libraries/LibC/CMakeFiles/LibCStaticWithoutDeps.dir/strings.cpp.o
[660/5062] Building CXX object Userland/Libraries/LibC/CMakeFiles/LibCStaticWithoutDeps.dir/sys/auxv.cpp.o
[661/5062] Building CXX object Userland/Libraries/LibC/CMakeFiles/LibCStaticWithoutDeps.dir/wchar.cpp.o
[662/5062] Building CXX object Userland/Libraries/LibC/CMakeFiles/LibCStaticWithoutDeps.dir/sys/file.cpp.o
[663/5062] Building CXX object Userland/Libraries/LibC/CMakeFiles/LibCStaticWithoutDeps.dir/sys/mman.cpp.o
[664/5062] Building CXX object Userland/Libraries/LibC/CMakeFiles/LibCStaticWithoutDeps.dir/sys/prctl.cpp.o
[665/5062] Building CXX object Userland/Libraries/LibC/CMakeFiles/LibCStaticWithoutDeps.dir/sys/ptrace.cpp.o
[666/5062] Building CXX object Userland/Libraries/LibC/CMakeFiles/LibCStaticWithoutDeps.dir/sys/select.cpp.o
[667/5062] Building CXX object Userland/Libraries/LibC/CMakeFiles/LibCStaticWithoutDeps.dir/sys/socket.cpp.o
[668/5062] Building CXX object Userland/Libraries/LibC/CMakeFiles/LibCStaticWithoutDeps.dir/sys/statvfs.cpp.o
[669/5062] Building CXX object Userland/Libraries/LibC/CMakeFiles/LibCStaticWithoutDeps.dir/sys/uio.cpp.o
[670/5062] Building CXX object Userland/Libraries/LibC/CMakeFiles/LibCStaticWithoutDeps.dir/sys/wait.cpp.o
[671/5062] Building CXX object Userland/Libraries/LibC/CMakeFiles/LibCStaticWithoutDeps.dir/syslog.cpp.o
[672/5062] Building CXX object Userland/Libraries/LibC/CMakeFiles/LibCStaticWithoutDeps.dir/termios.cpp.o
[673/5062] Building CXX object Userland/Libraries/LibC/CMakeFiles/LibCStaticWithoutDeps.dir/termcap.cpp.o
[674/5062] Building CXX object Userland/Libraries/LibC/CMakeFiles/LibCStaticWithoutDeps.dir/times.cpp.o
[675/5062] Building CXX object Userland/Libraries/LibC/CMakeFiles/LibCStaticWithoutDeps.dir/utime.cpp.o
[676/5062] Building CXX object Userland/Libraries/LibC/CMakeFiles/LibCStaticWithoutDeps.dir/ulimit.cpp.o
[677/5062] Building CXX object Userland/Libraries/LibC/CMakeFiles/LibCStaticWithoutDeps.dir/unistd.cpp.o
[678/5062] Building CXX object Userland/Libraries/LibC/CMakeFiles/LibCStaticWithoutDeps.dir/__/__/__/AK/Assertions.cpp.o
[679/5062] Building CXX object Userland/Libraries/LibC/CMakeFiles/LibCStaticWithoutDeps.dir/utsname.cpp.o
[680/5062] Building CXX object Userland/Libraries/LibC/CMakeFiles/LibCStaticWithoutDeps.dir/arch/x86_64/memset.cpp.o
[681/5062] Building CXX object Userland/Libraries/LibC/CMakeFiles/LibCStaticWithoutDeps.dir/wctype.cpp.o
[682/5062] Building CXX object Userland/Libraries/LibC/CMakeFiles/LibCStaticWithoutDeps.dir/__/__/__/AK/Base64.cpp.o
[683/5062] Building CXX object Userland/Libraries/LibC/CMakeFiles/LibCStaticWithoutDeps.dir/wstdio.cpp.o
[684/5062] Building CXX object Userland/Libraries/LibC/CMakeFiles/LibCStaticWithoutDeps.dir/__/__/__/AK/DeprecatedFlyString.cpp.o
[685/5062] Building CXX object Userland/Libraries/LibC/CMakeFiles/LibCStaticWithoutDeps.dir/__/__/__/AK/CircularBuffer.cpp.o
[686/5062] Building CXX object Userland/Libraries/LibC/CMakeFiles/LibCStaticWithoutDeps.dir/__/__/__/AK/DOSPackedTime.cpp.o
[687/5062] Building CXX object Userland/Libraries/LibC/CMakeFiles/LibCStaticWithoutDeps.dir/__/__/__/AK/DeprecatedString.cpp.o
[688/5062] Building CXX object Userland/Libraries/LibC/CMakeFiles/LibCStaticWithoutDeps.dir/__/__/__/AK/Error.cpp.o
[689/5062] Building CXX object Userland/Libraries/LibC/CMakeFiles/LibCStaticWithoutDeps.dir/__/__/__/AK/FlyString.cpp.o
[690/5062] Building CXX object Userland/Libraries/LibC/CMakeFiles/LibCStaticWithoutDeps.dir/__/__/__/AK/FloatingPointStringConversions.cpp.o
[691/5062] Building CXX object Userland/Libraries/LibC/CMakeFiles/LibCStaticWithoutDeps.dir/__/__/__/AK/Format.cpp.o
[692/5062] Building CXX object Userland/Libraries/LibC/CMakeFiles/LibCStaticWithoutDeps.dir/__/__/__/AK/FuzzyMatch.cpp.o
[693/5062] Building CXX object Userland/Libraries/LibC/CMakeFiles/LibCStaticWithoutDeps.dir/__/__/__/AK/GenericLexer.cpp.o
[694/5062] Building CXX object Userland/Libraries/LibC/CMakeFiles/LibCStaticWithoutDeps.dir/__/__/__/AK/Hex.cpp.o
[695/5062] Building CXX object Userland/Libraries/LibC/CMakeFiles/LibCStaticWithoutDeps.dir/__/__/__/AK/JsonParser.cpp.o
[696/5062] Building CXX object Userland/Libraries/LibC/CMakeFiles/LibCStaticWithoutDeps.dir/__/__/__/AK/JsonObject.cpp.o
[697/5062] Building CXX object Userland/Libraries/LibC/CMakeFiles/LibCStaticWithoutDeps.dir/__/__/__/AK/JsonPath.cpp.o
[698/5062] Building CXX object Userland/Libraries/LibC/CMakeFiles/LibCStaticWithoutDeps.dir/__/__/__/AK/JsonValue.cpp.o
[699/5062] Building CXX object Userland/Libraries/LibC/CMakeFiles/LibCStaticWithoutDeps.dir/__/__/__/AK/MemoryStream.cpp.o
[700/5062] Building CXX object Userland/Libraries/LibC/CMakeFiles/LibCStaticWithoutDeps.dir/__/__/__/AK/NumberFormat.cpp.o
[701/5062] Building CXX object Userland/Libraries/LibC/CMakeFiles/LibCStaticWithoutDeps.dir/__/__/__/AK/OptionParser.cpp.o
[702/5062] Building CXX object Userland/Libraries/LibC/CMakeFiles/LibCStaticWithoutDeps.dir/__/__/__/AK/Random.cpp.o
[703/5062] Building CXX object Userland/Libraries/LibC/CMakeFiles/LibCStaticWithoutDeps.dir/__/__/__/AK/StackInfo.cpp.o
[704/5062] Building CXX object Userland/Libraries/LibC/CMakeFiles/LibCStaticWithoutDeps.dir/__/__/__/AK/Stream.cpp.o
[705/5062] Building CXX object Userland/Libraries/LibC/CMakeFiles/LibCStaticWithoutDeps.dir/__/__/__/AK/String.cpp.o
[706/5062] Building CXX object Userland/Libraries/LibC/CMakeFiles/LibCStaticWithoutDeps.dir/__/__/__/AK/StringBuilder.cpp.o
[707/5062] Building CXX object Userland/Libraries/LibC/CMakeFiles/LibCStaticWithoutDeps.dir/__/__/__/AK/StringImpl.cpp.o
[708/5062] Building CXX object Userland/Libraries/LibC/CMakeFiles/LibCStaticWithoutDeps.dir/__/__/__/AK/StringFloatingPointConversions.cpp.o
[709/5062] Building CXX object Userland/Libraries/LibC/CMakeFiles/LibCStaticWithoutDeps.dir/__/__/__/AK/StringUtils.cpp.o
[710/5062] Building CXX object Userland/Libraries/LibC/CMakeFiles/LibCStaticWithoutDeps.dir/__/__/__/AK/StringView.cpp.o
[711/5062] Building CXX object Userland/Libraries/LibC/CMakeFiles/LibCStaticWithoutDeps.dir/__/__/__/AK/Time.cpp.o
[712/5062] Building CXX object Userland/Libraries/LibC/CMakeFiles/LibCStaticWithoutDeps.dir/__/__/__/AK/LexicalPath.cpp.o
[713/5062] Building CXX object Userland/Libraries/LibC/CMakeFiles/LibCStaticWithoutDeps.dir/__/__/__/AK/UUID.cpp.o
[714/5062] Building CXX object Userland/Libraries/LibC/CMakeFiles/LibCStaticWithoutDeps.dir/__/__/__/AK/Utf16View.cpp.o
[715/5062] Building CXX object Userland/Libraries/LibC/CMakeFiles/LibCStaticWithoutDeps.dir/__/__/__/AK/Utf32View.cpp.o
[716/5062] Building CXX object Userland/Libraries/LibC/CMakeFiles/LibCStaticWithoutDeps.dir/__/__/__/AK/Utf8View.cpp.o
[717/5062] Building CXX object Userland/Libraries/LibC/CMakeFiles/LibCStaticWithoutDeps.dir/__/__/__/AK/kmalloc.cpp.o
[718/5062] Building CXX object Userland/Libraries/LibC/CMakeFiles/LibCStaticWithoutDeps.dir/__/__/__/AK/URL.cpp.o
[719/5062] Building CXX object Userland/Libraries/LibC/CMakeFiles/LibCStaticWithoutDeps.dir/__/LibELF/DynamicLoader.cpp.o
[720/5062] Building CXX object Userland/Libraries/LibC/CMakeFiles/LibCStaticWithoutDeps.dir/__/LibELF/DynamicObject.cpp.o
[721/5062] Building CXX object Userland/Libraries/LibC/CMakeFiles/LibCStaticWithoutDeps.dir/__/LibELF/Image.cpp.o
[722/5062] Building CXX object Userland/Libraries/LibC/CMakeFiles/LibCStaticWithoutDeps.dir/__/LibELF/Relocation.cpp.o
[723/5062] Building CXX object Userland/Libraries/LibC/CMakeFiles/LibCStaticWithoutDeps.dir/__/LibELF/Validation.cpp.o
[724/5062] Building CXX object Userland/Libraries/LibTimeZone/CMakeFiles/LibTimeZone.dir/TimeZone.cpp.o
[725/5062] Building CXX object Userland/Libraries/LibTimeZone/CMakeFiles/LibTimeZone.dir/TimeZoneData.cpp.o
[726/5062] Building CXX object Userland/Libraries/LibTest/CMakeFiles/JavaScriptTestRunnerMain.dir/JavaScriptTestRunnerMain.cpp.o
[727/5062] Linking CXX executable Userland/DynamicLoader/Loader.so
[728/5062] Generating EmojiData.h, EmojiData.cpp
[729/5062] Generating CSS/Enums.h, CSS/Enums.cpp
[730/5062] Generating CSS/MediaFeatureID.h, CSS/MediaFeatureID.cpp
[731/5062] Building CXX object Userland/Libraries/LibC/CMakeFiles/LibCStaticWithoutDeps.dir/__/__/__/AK/URLParser.cpp.o
[732/5062] Generating CSS/TransformFunctions.h, CSS/TransformFunctions.cpp
[733/5062] Generating CSS/PropertyID.h, CSS/PropertyID.cpp
[734/5062] Generating CSS/ValueID.h, CSS/ValueID.cpp
[735/5062] Generating Bindings/CSSFontFaceRuleConstructor.h
[736/5062] Generating Bindings/CSSConditionRulePrototype.h
[737/5062] Generating Bindings/CharacterDataConstructor.h
[738/5062] Generating Bindings/AttrConstructor.h
[739/5062] Generating Bindings/DOMTokenListConstructor.h
[740/5062] Generating Bindings/TextConstructor.h
[741/5062] Generating Bindings/LocationConstructor.cpp
[742/5062] Generating Bindings/CryptoConstructor.h
[743/5062] Generating Bindings/CryptoPrototype.h
[744/5062] Generating Bindings/CryptoConstructor.cpp
[745/5062] Generating Bindings/SubtleCryptoConstructor.h
[746/5062] Generating Bindings/CryptoPrototype.cpp
[747/5062] Generating UnicodeData.h, UnicodeData.cpp
[748/5062] Generating Bindings/SubtleCryptoPrototype.h
[749/5062] Generating Bindings/SubtleCryptoConstructor.cpp
[750/5062] Generating Bindings/SubtleCryptoPrototype.cpp
[751/5062] Generating Bindings/CSSFontFaceRulePrototype.cpp
[752/5062] Generating Bindings/CSSConditionRuleConstructor.h
[753/5062] Generating Bindings/CSSConditionRuleConstructor.cpp
[754/5062] Generating Bindings/CSSFontFaceRulePrototype.h
[755/5062] Generating Bindings/CSSConditionRulePrototype.cpp
[756/5062] Generating Bindings/CSSGroupingRulePrototype.h
[757/5062] Generating Bindings/CSSGroupingRulePrototype.cpp
[758/5062] Generating Bindings/CSSFontFaceRuleConstructor.cpp
[759/5062] Generating Bindings/CSSGroupingRuleConstructor.h
[760/5062] Generating Bindings/CSSSupportsRulePrototype.cpp
[761/5062] Generating Bindings/CSSSupportsRulePrototype.h
[762/5062] Generating Bindings/CSSImportRuleConstructor.h
[763/5062] Generating Bindings/CSSGroupingRuleConstructor.cpp
[764/5062] Generating Bindings/CSSImportRuleConstructor.cpp
[765/5062] Generating Bindings/CSSImportRulePrototype.h
[766/5062] Generating Bindings/CSSImportRulePrototype.cpp
[767/5062] Generating Bindings/CSSMediaRuleConstructor.h
[768/5062] Generating Bindings/CSSMediaRuleConstructor.cpp
[769/5062] Generating Bindings/CSSMediaRulePrototype.cpp
[770/5062] Generating Bindings/CSSMediaRulePrototype.h
[771/5062] Generating Bindings/CSSRuleConstructor.h
[772/5062] Generating Bindings/CSSRuleConstructor.cpp
[773/5062] Generating Bindings/CSSRulePrototype.h
[774/5062] Generating Bindings/CSSRulePrototype.cpp
[775/5062] Generating Bindings/CSSRuleListConstructor.h
[776/5062] Generating Bindings/CSSRuleListConstructor.cpp
[777/5062] Generating Bindings/CSSRuleListPrototype.h
[778/5062] Generating Bindings/CSSRuleListPrototype.cpp
[779/5062] Generating Bindings/CSSStyleRuleConstructor.h
[780/5062] Generating Bindings/CSSStyleDeclarationConstructor.cpp
[781/5062] Generating Bindings/CSSStyleDeclarationConstructor.h
[782/5062] Generating Bindings/CSSStyleDeclarationPrototype.h
[783/5062] Generating Bindings/CSSStyleDeclarationPrototype.cpp
[784/5062] Generating Bindings/CSSStyleRuleConstructor.cpp
[785/5062] Generating Bindings/CSSStyleRulePrototype.cpp
[786/5062] Generating Bindings/CSSStyleRulePrototype.h
[787/5062] Generating Bindings/CSSStyleSheetConstructor.h
[788/5062] Generating Bindings/CSSStyleSheetConstructor.cpp
[789/5062] Generating Bindings/CSSStyleSheetPrototype.h
[790/5062] Generating Bindings/CSSSupportsRuleConstructor.h
[791/5062] Generating Bindings/CSSStyleSheetPrototype.cpp
[792/5062] Generating Bindings/MediaQueryListPrototype.h
[793/5062] Generating Bindings/MediaQueryListPrototype.cpp
[794/5062] Generating Bindings/CSSSupportsRuleConstructor.cpp
[795/5062] Generating Bindings/MediaListConstructor.h
[796/5062] Generating Bindings/MediaListPrototype.h
[797/5062] Generating Bindings/MediaListConstructor.cpp
[798/5062] Generating Bindings/MediaListPrototype.cpp
[799/5062] Generating Bindings/MediaQueryListConstructor.h
[800/5062] Generating Bindings/StyleSheetListPrototype.cpp
[801/5062] Generating Bindings/StyleSheetListPrototype.h
[802/5062] Generating Bindings/MediaQueryListConstructor.cpp
[803/5062] Generating Bindings/ScreenConstructor.h
[804/5062] Generating Bindings/MediaQueryListEventConstructor.cpp
[805/5062] Generating Bindings/MediaQueryListEventConstructor.h
[806/5062] Generating Bindings/MediaQueryListEventPrototype.h
[807/5062] Generating Bindings/MediaQueryListEventPrototype.cpp
[808/5062] Generating Bindings/ScreenConstructor.cpp
[809/5062] Generating Bindings/ScreenPrototype.h
[810/5062] Generating Bindings/ScreenPrototype.cpp
[811/5062] Generating Bindings/StyleSheetConstructor.h
[812/5062] Building CXX object Userland/Libraries/LibC/CMakeFiles/LibCStaticWithoutDeps.dir/__/LibELF/DynamicLinker.cpp.o
[813/5062] Generating Bindings/StyleSheetConstructor.cpp
[814/5062] Generating Bindings/StyleSheetPrototype.h
[815/5062] Generating Bindings/StyleSheetPrototype.cpp
[816/5062] Generating Bindings/StyleSheetListConstructor.h
[817/5062] Generating Bindings/AbortControllerPrototype.h
[818/5062] Generating Bindings/DocumentConstructor.cpp
[819/5062] Generating Bindings/DocumentPrototype.h
[820/5062] Generating Bindings/DOMImplementationPrototype.h
[821/5062] Generating Bindings/DocumentPrototype.cpp
[822/5062] Linking CXX static library Userland/Libraries/LibC/libLibCStaticWithoutDeps.a
[823/5062] Generating Bindings/DocumentFragmentConstructor.h
[824/5062] Generating Bindings/DOMTokenListConstructor.cpp
[825/5062] Generating Bindings/DocumentFragmentConstructor.cpp
[826/5062] Generating Bindings/DocumentFragmentPrototype.cpp
[827/5062] Generating Bindings/DocumentTypeConstructor.cpp
[828/5062] Generating Bindings/DocumentTypePrototype.h
[829/5062] Generating Bindings/DocumentTypePrototype.cpp
[830/5062] Generating Bindings/HTMLCollectionPrototype.h
[831/5062] Generating Bindings/DOMImplementationConstructor.h
[832/5062] cd /home/d4gobert/devel/serenity/Build/x86_64/Userland/Libraries/LibC && /home/d4gobert/devel/serenity/Toolchain/Local/x86_64/bin/x86_64-pc-serenity-gcc-ar -x /home/d4gobert/devel/serenity/Build/x86_64/Userland/Libraries/LibC/libLibCStaticWithoutDeps.a && /home/d4gobert/devel/serenity/Toolchain/Local/x86_64/bin/x86_64-pc-serenity-gcc-ar -x /home/d4gobert/devel/serenity/Build/x86_64/Userland/Libraries/LibSystem/libLibSystemStatic.a && /home/d4gobert/devel/serenity/Toolchain/Local/x86_64/bin/x86_64-pc-serenity-gcc-ar -x /home/d4gobert/devel/serenity/Build/x86_64/Userland/Libraries/LibSanitizer/libLibUBSanitizerStatic.a && /home/d4gobert/devel/serenity/Toolchain/Local/x86_64/bin/x86_64-pc-serenity-gcc-ar -rcs /home/d4gobert/devel/serenity/Build/x86_64/Userland/Libraries/LibC/libc.a *.o
[833/5062] Generating Bindings/DOMImplementationConstructor.cpp
[834/5062] Building CXX object Userland/Applications/Debugger/CMakeFiles/Debugger.dir/main.cpp.o
[835/5062] Building CXX object Userland/Libraries/LibC/CMakeFiles/LibC.dir/termios.cpp.o
[836/5062] Building CXX object Userland/Libraries/LibC/CMakeFiles/LibC.dir/termcap.cpp.o
[837/5062] Building CXX object Userland/Libraries/LibC/CMakeFiles/LibC.dir/times.cpp.o
[838/5062] Building CXX object Userland/Libraries/LibC/CMakeFiles/LibC.dir/utime.cpp.o
[839/5062] Building CXX object Userland/Libraries/LibC/CMakeFiles/LibC.dir/ulimit.cpp.o
[840/5062] Generating Bindings/HTMLCollectionPrototype.cpp
[841/5062] Building CXX object Userland/Libraries/LibC/CMakeFiles/LibC.dir/unistd.cpp.o
[842/5062] Building CXX object Userland/Libraries/LibC/CMakeFiles/LibC.dir/wchar.cpp.o
[843/5062] Building CXX object Userland/Libraries/LibC/CMakeFiles/LibC.dir/utsname.cpp.o
[844/5062] Generating Bindings/DOMImplementationPrototype.cpp
[845/5062] Building CXX object Userland/Libraries/LibC/CMakeFiles/LibC.dir/__/__/__/AK/Assertions.cpp.o
[846/5062] Building CXX object Userland/Libraries/LibC/CMakeFiles/LibC.dir/wctype.cpp.o
[847/5062] Building CXX object Userland/Libraries/LibC/CMakeFiles/LibC.dir/arch/x86_64/memset.cpp.o
[848/5062] Building CXX object Userland/Libraries/LibC/CMakeFiles/LibC.dir/wstdio.cpp.o
[849/5062] Building CXX object Userland/Libraries/LibC/CMakeFiles/LibC.dir/__/__/__/AK/DeprecatedFlyString.cpp.o
[850/5062] Building CXX object Userland/Libraries/LibC/CMakeFiles/LibC.dir/__/__/__/AK/Base64.cpp.o
[851/5062] Building CXX object Userland/Libraries/LibC/CMakeFiles/LibC.dir/__/__/__/AK/DOSPackedTime.cpp.o
[852/5062] Building CXX object Userland/Libraries/LibC/CMakeFiles/LibC.dir/__/__/__/AK/CircularBuffer.cpp.o
[853/5062] Building CXX object Userland/Libraries/LibGfx/CMakeFiles/LibGfx.dir/TextDirection.cpp.o
[854/5062] Building CXX object Userland/Libraries/LibCrypto/CMakeFiles/LibCrypto.dir/ASN1/ASN1.cpp.o
[855/5062] Building CXX object Userland/Applications/Spreadsheet/CMakeFiles/TestXSVWriter.dir/Writers/Test/TestXSVWriter.cpp.o
[856/5062] Building CXX object Userland/Applications/Spreadsheet/CMakeFiles/TestXSV.dir/Readers/Test/TestXSV.cpp.o
[857/5062] Building CXX object Userland/Applications/Spreadsheet/CMakeFiles/TestXSV.dir/Readers/XSV.cpp.o
[858/5062] Building CXX object Userland/Libraries/LibJS/CMakeFiles/LibJS.dir/Runtime/ObjectEnvironment.cpp.o
[859/5062] Building CXX object Userland/Libraries/LibJS/CMakeFiles/LibJS.dir/Runtime/ObjectPrototype.cpp.o
[860/5062] Building CXX object Userland/Libraries/LibJS/CMakeFiles/LibJS.dir/Runtime/PrimitiveString.cpp.o
[861/5062] Building CXX object Userland/Libraries/LibJS/CMakeFiles/LibJS.dir/Runtime/PrivateEnvironment.cpp.o
[862/5062] Building CXX object Userland/Libraries/LibJS/CMakeFiles/LibJS.dir/Runtime/Promise.cpp.o
[863/5062] Building CXX object Userland/Libraries/LibJS/CMakeFiles/LibJS.dir/Runtime/PromisePrototype.cpp.o
[864/5062] Building CXX object Userland/Libraries/LibJS/CMakeFiles/LibJS.dir/Runtime/PromiseResolvingElementFunctions.cpp.o
[865/5062] Building CXX object Userland/Libraries/LibJS/CMakeFiles/LibJS.dir/Runtime/PromiseConstructor.cpp.o
[866/5062] Building CXX object Userland/Libraries/LibJS/CMakeFiles/LibJS.dir/Runtime/PromiseJobs.cpp.o
[867/5062] Building CXX object Userland/Libraries/LibSoftGPU/CMakeFiles/LibSoftGPU.dir/Clipper.cpp.o
[868/5062] Building CXX object Userland/Libraries/LibJS/CMakeFiles/LibJS.dir/Runtime/PromiseReaction.cpp.o
[869/5062] Building CXX object Userland/Utilities/CMakeFiles/find.dir/find.cpp.o
[870/5062] Building CXX object Userland/Utilities/CMakeFiles/clear.dir/clear.cpp.o
[871/5062] Building CXX object Userland/Utilities/CMakeFiles/jail-create.dir/jail-create.cpp.o
[872/5062] Building CXX object Userland/Libraries/LibArchive/CMakeFiles/LibArchive.dir/TarStream.cpp.o
[873/5062] Building CXX object Userland/Libraries/LibArchive/CMakeFiles/LibArchive.dir/Tar.cpp.o
[874/5062] Building CXX object Userland/Libraries/LibArchive/CMakeFiles/LibArchive.dir/Zip.cpp.o
[875/5062] Building CXX object Userland/Libraries/LibC/CMakeFiles/LibC.dir/assert.cpp.o
[876/5062] Building CXX object Userland/Libraries/LibC/CMakeFiles/LibC.dir/arpa/inet.cpp.o
[877/5062] Building CXX object Userland/Libraries/LibC/CMakeFiles/LibC.dir/ctype.cpp.o
[878/5062] Building CXX object Userland/Libraries/LibC/CMakeFiles/LibC.dir/dlfcn.cpp.o
[879/5062] Building CXX object Userland/Libraries/LibC/CMakeFiles/LibC.dir/cxxabi.cpp.o
[880/5062] Building CXX object Userland/Libraries/LibC/CMakeFiles/LibC.dir/dirent.cpp.o
[881/5062] Building CXX object Userland/Libraries/LibC/CMakeFiles/LibC.dir/complex.cpp.o
[882/5062] Building CXX object Userland/Libraries/LibC/CMakeFiles/LibC.dir/fcntl.cpp.o
[883/5062] Building CXX object Userland/Libraries/LibC/CMakeFiles/LibC.dir/fenv.cpp.o
[884/5062] Building CXX object Userland/Libraries/LibC/CMakeFiles/LibC.dir/glob.cpp.o
[885/5062] Building CXX object Userland/Libraries/LibC/CMakeFiles/LibC.dir/fnmatch.cpp.o
[886/5062] Building CXX object Userland/Libraries/LibC/CMakeFiles/LibC.dir/ifaddrs.cpp.o
[887/5062] Building CXX object Userland/Libraries/LibC/CMakeFiles/LibC.dir/getopt.cpp.o
[888/5062] Building CXX object Userland/Libraries/LibC/CMakeFiles/LibC.dir/getsubopt.cpp.o
[889/5062] Building CXX object Userland/Libraries/LibC/CMakeFiles/LibC.dir/grp.cpp.o
[890/5062] Building CXX object Userland/Libraries/LibC/CMakeFiles/LibC.dir/ioctl.cpp.o
[891/5062] Building CXX object Userland/Libraries/LibC/CMakeFiles/LibC.dir/inttypes.cpp.o
[892/5062] Building CXX object Userland/Libraries/LibC/CMakeFiles/LibC.dir/link.cpp.o
[893/5062] Building CXX object Userland/Libraries/LibC/CMakeFiles/LibC.dir/langinfo.cpp.o
[894/5062] Building CXX object Userland/Libraries/LibC/CMakeFiles/LibC.dir/libcinit.cpp.o
[895/5062] Building CXX object Userland/Libraries/LibC/CMakeFiles/LibC.dir/libgen.cpp.o
[896/5062] Building CXX object Userland/Libraries/LibC/CMakeFiles/LibC.dir/math.cpp.o
[897/5062] Building CXX object Userland/Libraries/LibC/CMakeFiles/LibC.dir/locale.cpp.o
[898/5062] Building CXX object Userland/Libraries/LibC/CMakeFiles/LibC.dir/malloc.cpp.o
[899/5062] Building CXX object Userland/Libraries/LibC/CMakeFiles/LibC.dir/net.cpp.o
[900/5062] Building CXX object Userland/Libraries/LibC/CMakeFiles/LibC.dir/mntent.cpp.o
[901/5062] Building CXX object Userland/Libraries/LibC/CMakeFiles/LibC.dir/netdb.cpp.o
[902/5062] Building CXX object Userland/Libraries/LibC/CMakeFiles/LibC.dir/poll.cpp.o
[903/5062] Building CXX object Userland/Libraries/LibC/CMakeFiles/LibC.dir/pthread_once.cpp.o
[904/5062] Building CXX object Userland/Libraries/LibC/CMakeFiles/LibC.dir/priority.cpp.o
[905/5062] Building CXX object Userland/Libraries/LibC/CMakeFiles/LibC.dir/pthread.cpp.o
[906/5062] Building CXX object Userland/Libraries/LibC/CMakeFiles/LibC.dir/pthread_cond.cpp.o
[907/5062] Building CXX object Userland/Libraries/LibC/CMakeFiles/LibC.dir/pty.cpp.o
[908/5062] Building CXX object Userland/Libraries/LibC/CMakeFiles/LibC.dir/pthread_integration.cpp.o
[909/5062] Building CXX object Userland/Libraries/LibC/CMakeFiles/LibC.dir/pthread_tls.cpp.o
[910/5062] Building CXX object Userland/Libraries/LibC/CMakeFiles/LibC.dir/pwd.cpp.o
[911/5062] Building CXX object Userland/Libraries/LibC/CMakeFiles/LibC.dir/qsort.cpp.o
[912/5062] Building CXX object Userland/Libraries/LibC/CMakeFiles/LibC.dir/regex.cpp.o
[913/5062] Building CXX object Userland/Libraries/LibC/CMakeFiles/LibC.dir/scanf.cpp.o
[914/5062] Building CXX object Userland/Libraries/LibC/CMakeFiles/LibC.dir/resolv.cpp.o
[915/5062] Building CXX object Userland/Libraries/LibC/CMakeFiles/LibC.dir/sched.cpp.o
[916/5062] Building CXX object Userland/Libraries/LibC/CMakeFiles/LibC.dir/spawn.cpp.o
[917/5062] Building CXX object Userland/Libraries/LibC/CMakeFiles/LibC.dir/search.cpp.o
[918/5062] Building CXX object Userland/Libraries/LibC/CMakeFiles/LibC.dir/semaphore.cpp.o
[919/5062] Building CXX object Userland/Libraries/LibC/CMakeFiles/LibC.dir/serenity.cpp.o
[920/5062] Building CXX object Userland/Libraries/LibC/CMakeFiles/LibC.dir/shadow.cpp.o
[921/5062] Building CXX object Userland/Libraries/LibC/CMakeFiles/LibC.dir/signal.cpp.o
[922/5062] Building CXX object Userland/Libraries/LibC/CMakeFiles/LibC.dir/ssp.cpp.o
[923/5062] Building CXX object Userland/Libraries/LibC/CMakeFiles/LibC.dir/stat.cpp.o
[924/5062] Building CXX object Userland/Libraries/LibTest/CMakeFiles/LibTest.dir/TestSuite.cpp.o
[925/5062] Building CXX object Userland/Libraries/LibC/CMakeFiles/LibC.dir/stdio.cpp.o
[926/5062] Building CXX object Userland/Libraries/LibC/CMakeFiles/LibC.dir/stubs.cpp.o
[927/5062] Building CXX object Userland/Libraries/LibC/CMakeFiles/LibC.dir/stdlib.cpp.o
[928/5062] Building CXX object Userland/Libraries/LibC/CMakeFiles/LibC.dir/string.cpp.o
[929/5062] Building CXX object Userland/Libraries/LibC/CMakeFiles/LibC.dir/strings.cpp.o
[930/5062] Building CXX object Userland/Libraries/LibC/CMakeFiles/LibC.dir/time.cpp.o
[931/5062] Building CXX object Userland/Libraries/LibC/CMakeFiles/LibC.dir/sys/auxv.cpp.o
[932/5062] Building CXX object Userland/Libraries/LibC/CMakeFiles/LibC.dir/sys/file.cpp.o
[933/5062] Building CXX object Userland/Libraries/LibC/CMakeFiles/LibC.dir/sys/mman.cpp.o
[934/5062] Building CXX object Userland/Libraries/LibC/CMakeFiles/LibC.dir/sys/prctl.cpp.o
[935/5062] Building CXX object Userland/Libraries/LibC/CMakeFiles/LibC.dir/sys/ptrace.cpp.o
[936/5062] Building CXX object Userland/Libraries/LibC/CMakeFiles/LibC.dir/sys/select.cpp.o
[937/5062] Building CXX object Userland/Libraries/LibC/CMakeFiles/LibC.dir/sys/socket.cpp.o
[938/5062] Building CXX object Userland/Libraries/LibC/CMakeFiles/LibC.dir/sys/statvfs.cpp.o
[939/5062] Building CXX object Userland/DevTools/HackStudio/LanguageServers/CMakeFiles/LibLanguageServer.dir/FileDB.cpp.o
[940/5062] Building CXX object Userland/Libraries/LibC/CMakeFiles/LibC.dir/sys/uio.cpp.o
[941/5062] Building CXX object Userland/Libraries/LibC/CMakeFiles/LibC.dir/sys/wait.cpp.o
[942/5062] Building CXX object Userland/Libraries/LibC/CMakeFiles/LibC.dir/syslog.cpp.o
[943/5062] Building CXX object Userland/Libraries/LibC/CMakeFiles/LibC.dir/__/__/__/AK/Error.cpp.o
[944/5062] Building CXX object Userland/Libraries/LibC/CMakeFiles/LibC.dir/__/__/__/AK/DeprecatedString.cpp.o
[945/5062] Building CXX object Userland/Libraries/LibC/CMakeFiles/LibC.dir/__/__/__/AK/FlyString.cpp.o
[946/5062] Building CXX object Userland/Libraries/LibC/CMakeFiles/LibC.dir/__/__/__/AK/FloatingPointStringConversions.cpp.o
[947/5062] Building CXX object Userland/Libraries/LibC/CMakeFiles/LibC.dir/__/__/__/AK/Format.cpp.o
[948/5062] Building CXX object Userland/Libraries/LibC/CMakeFiles/LibC.dir/__/__/__/AK/FuzzyMatch.cpp.o
[949/5062] Building CXX object Userland/Libraries/LibC/CMakeFiles/LibC.dir/__/__/__/AK/Hex.cpp.o
[950/5062] Building CXX object Userland/Libraries/LibC/CMakeFiles/LibC.dir/__/__/__/AK/GenericLexer.cpp.o
[951/5062] Building CXX object Userland/Libraries/LibC/CMakeFiles/LibC.dir/__/__/__/AK/JsonObject.cpp.o
[952/5062] Building CXX object Userland/Libraries/LibC/CMakeFiles/LibC.dir/__/__/__/AK/JsonParser.cpp.o
[953/5062] Building CXX object Userland/Libraries/LibC/CMakeFiles/LibC.dir/__/__/__/AK/JsonPath.cpp.o
[954/5062] Building CXX object Userland/Libraries/LibC/CMakeFiles/LibC.dir/__/__/__/AK/JsonValue.cpp.o
[955/5062] Building CXX object Userland/Libraries/LibC/CMakeFiles/LibC.dir/__/__/__/AK/MemoryStream.cpp.o
[956/5062] Building CXX object Userland/Libraries/LibC/CMakeFiles/LibC.dir/__/__/__/AK/NumberFormat.cpp.o
[957/5062] Building CXX object Userland/Libraries/LibC/CMakeFiles/LibC.dir/__/__/__/AK/OptionParser.cpp.o
[958/5062] Building CXX object Userland/Libraries/LibC/CMakeFiles/LibC.dir/__/__/__/AK/Random.cpp.o
[959/5062] Building CXX object Userland/Libraries/LibC/CMakeFiles/LibC.dir/__/__/__/AK/StackInfo.cpp.o
[960/5062] Building CXX object Userland/Libraries/LibC/CMakeFiles/LibC.dir/__/__/__/AK/Stream.cpp.o
[961/5062] Building CXX object Userland/Libraries/LibC/CMakeFiles/LibC.dir/__/__/__/AK/String.cpp.o
[962/5062] Building CXX object Userland/Libraries/LibC/CMakeFiles/LibC.dir/__/__/__/AK/StringBuilder.cpp.o
[963/5062] Building CXX object Userland/Libraries/LibC/CMakeFiles/LibC.dir/__/__/__/AK/StringFloatingPointConversions.cpp.o
[964/5062] Building CXX object Userland/Libraries/LibC/CMakeFiles/LibC.dir/__/__/__/AK/StringImpl.cpp.o
[965/5062] Building CXX object Userland/Libraries/LibC/CMakeFiles/LibC.dir/__/__/__/AK/StringUtils.cpp.o
[966/5062] Building CXX object Userland/Libraries/LibC/CMakeFiles/LibC.dir/__/__/__/AK/StringView.cpp.o
[967/5062] Building CXX object Userland/Libraries/LibC/CMakeFiles/LibC.dir/__/__/__/AK/Time.cpp.o
[968/5062] Building CXX object Userland/Shell/CMakeFiles/Shell.dir/main.cpp.o
[969/5062] Building CXX object Userland/Libraries/LibC/CMakeFiles/LibC.dir/__/__/__/AK/LexicalPath.cpp.o
[970/5062] Building CXX object Userland/Libraries/LibC/CMakeFiles/LibC.dir/__/__/__/AK/UUID.cpp.o
[971/5062] Building CXX object Userland/Libraries/LibC/CMakeFiles/LibC.dir/__/__/__/AK/Utf16View.cpp.o
[972/5062] Building CXX object Userland/Libraries/LibC/CMakeFiles/LibC.dir/__/__/__/AK/Utf32View.cpp.o
[973/5062] Building CXX object Userland/Libraries/LibC/CMakeFiles/LibC.dir/__/__/__/AK/Utf8View.cpp.o
[974/5062] Building CXX object Userland/Libraries/LibC/CMakeFiles/LibC.dir/__/__/__/AK/kmalloc.cpp.o
[975/5062] Building CXX object Userland/Libraries/LibC/CMakeFiles/LibC.dir/__/__/__/AK/URL.cpp.o
[976/5062] Building CXX object Userland/Libraries/LibC/CMakeFiles/LibC.dir/__/LibELF/DynamicLoader.cpp.o
[977/5062] Building CXX object Userland/Libraries/LibC/CMakeFiles/LibC.dir/__/LibELF/DynamicObject.cpp.o
[978/5062] Building CXX object Userland/Libraries/LibC/CMakeFiles/LibC.dir/__/LibELF/Image.cpp.o
[979/5062] Building CXX object Userland/Libraries/LibC/CMakeFiles/LibC.dir/__/LibELF/Relocation.cpp.o
[980/5062] Building CXX object Userland/Libraries/LibC/CMakeFiles/LibC.dir/__/LibELF/Validation.cpp.o
[981/5062] Building CXX object Userland/Libraries/LibChess/CMakeFiles/LibChess.dir/Chess.cpp.o
[982/5062] Building CXX object Userland/Libraries/LibChess/CMakeFiles/LibChess.dir/UCICommand.cpp.o
[983/5062] Building CXX object Userland/Libraries/LibChess/CMakeFiles/LibChess.dir/UCIEndpoint.cpp.o
[984/5062] Building CXX object Userland/Libraries/LibCMake/CMakeFiles/LibCMake.dir/CMakeCache/SyntaxHighlighter.cpp.o
[985/5062] Building CXX object Userland/Libraries/LibCMake/CMakeFiles/LibCMake.dir/CMakeCache/Lexer.cpp.o
[986/5062] Building CXX object Userland/Libraries/LibCMake/CMakeFiles/LibCMake.dir/Lexer.cpp.o
[987/5062] Building CXX object Userland/Libraries/LibCMake/CMakeFiles/LibCMake.dir/SyntaxHighlighter.cpp.o
[988/5062] Building CXX object Userland/Libraries/LibCMake/CMakeFiles/LibCMake.dir/Token.cpp.o
[989/5062] Building CXX object Userland/Libraries/LibCodeComprehension/CMakeFiles/LibCodeComprehension.dir/CodeComprehensionEngine.cpp.o
[990/5062] Building CXX object Userland/Libraries/LibCodeComprehension/CMakeFiles/LibCodeComprehension.dir/FileDB.cpp.o
[991/5062] Building CXX object Userland/Libraries/LibC/CMakeFiles/LibC.dir/__/__/__/AK/URLParser.cpp.o
[992/5062] Building CXX object Userland/Libraries/LibC/CMakeFiles/LibC.dir/__/LibELF/DynamicLinker.cpp.o
[993/5062] Linking CXX shared library Userland/Libraries/LibC/libc.so
[994/5062] Linking CXX shared library Userland/Libraries/LibCodeComprehension/libcodecomprehension.so.serenity
[995/5062] Creating library symlink Userland/Libraries/LibCodeComprehension/libcodecomprehension.so
[996/5062] Building CXX object Userland/DevTools/HackStudio/LanguageServers/CMakeFiles/LibLanguageServer.dir/ConnectionFromClient.cpp.o
[997/5062] Building CXX object Userland/Libraries/LibCodeComprehension/Shell/CMakeFiles/LibShellComprehension.dir/ShellComprehensionEngine.cpp.o
[998/5062] Building CXX object Userland/Libraries/LibCompress/CMakeFiles/LibCompress.dir/BrotliDictionary.cpp.o
[999/5062] Linking CXX shared library Userland/Libraries/LibCodeComprehension/Shell/libshellcomprehension.so.serenity
[1000/5062] Creating library symlink Userland/Libraries/LibCodeComprehension/Shell/libshellcomprehension.so
[1001/5062] Building CXX object Userland/Libraries/LibCompress/CMakeFiles/LibCompress.dir/Brotli.cpp.o
[1002/5062] Building CXX object Userland/Libraries/LibCompress/CMakeFiles/LibCompress.dir/Deflate.cpp.o
[1003/5062] Building CXX object Userland/Libraries/LibCompress/CMakeFiles/LibCompress.dir/Zlib.cpp.o
[1004/5062] Building CXX object Userland/Libraries/LibCompress/CMakeFiles/LibCompress.dir/Gzip.cpp.o
[1005/5062] Building CXX object Userland/Libraries/LibCore/CMakeFiles/LibCore.dir/AnonymousBuffer.cpp.o
[1006/5062] Building CXX object Userland/Libraries/LibCore/CMakeFiles/LibCore.dir/ArgsParser.cpp.o
[1007/5062] Building CXX object Userland/Libraries/LibCore/CMakeFiles/LibCore.dir/Command.cpp.o
[1008/5062] Building CXX object Userland/Libraries/LibCodeComprehension/Cpp/CMakeFiles/CppComprehensionTests.dir/Tests.cpp.o
[1009/5062] Building CXX object Userland/Libraries/LibCore/CMakeFiles/LibCore.dir/DateTime.cpp.o
[1010/5062] Building CXX object Userland/Libraries/LibCore/CMakeFiles/LibCore.dir/ConfigFile.cpp.o
[1011/5062] Building CXX object Userland/Libraries/LibCore/CMakeFiles/LibCore.dir/Directory.cpp.o
[1012/5062] Building CXX object Userland/Libraries/LibCore/CMakeFiles/LibCore.dir/DirectoryEntry.cpp.o
[1013/5062] Building CXX object Userland/Libraries/LibCore/CMakeFiles/LibCore.dir/DirIterator.cpp.o
[1014/5062] Building CXX object Userland/Libraries/LibCore/CMakeFiles/LibCore.dir/ElapsedTimer.cpp.o
[1015/5062] Building CXX object Userland/Libraries/LibCore/CMakeFiles/LibCore.dir/Event.cpp.o
[1016/5062] Building CXX object Userland/Libraries/LibCore/CMakeFiles/LibCore.dir/EventLoop.cpp.o
[1017/5062] Building CXX object Userland/Libraries/LibCore/CMakeFiles/LibCore.dir/File.cpp.o
[1018/5062] Building CXX object Userland/Libraries/LibCore/CMakeFiles/LibCore.dir/IODevice.cpp.o
[1019/5062] Building CXX object Userland/Libraries/LibCore/CMakeFiles/LibCore.dir/DeprecatedFile.cpp.o
[1020/5062] Building CXX object Userland/Libraries/LibCore/CMakeFiles/LibCore.dir/MappedFile.cpp.o
[1021/5062] Building CXX object Userland/Libraries/LibCore/CMakeFiles/LibCore.dir/LockFile.cpp.o
[1022/5062] Building CXX object Userland/Libraries/LibCore/CMakeFiles/LibCore.dir/NetworkJob.cpp.o
[1023/5062] Building CXX object Userland/Libraries/LibCore/CMakeFiles/LibCore.dir/Notifier.cpp.o
[1024/5062] Building CXX object Userland/Libraries/LibCore/CMakeFiles/LibCore.dir/Object.cpp.o
[1025/5062] Building CXX object Userland/Libraries/LibCore/CMakeFiles/LibCore.dir/Process.cpp.o
[1026/5062] Building CXX object Userland/Libraries/LibCore/CMakeFiles/LibCore.dir/ProcessStatisticsReader.cpp.o
[1027/5062] Building CXX object Userland/Libraries/LibCore/CMakeFiles/LibCore.dir/Property.cpp.o
[1028/5062] Building CXX object Userland/Libraries/LibCore/CMakeFiles/LibCore.dir/SecretString.cpp.o
[1029/5062] Building CXX object Userland/Libraries/LibCodeComprehension/Cpp/CMakeFiles/LibCppComprehension.dir/CppComprehensionEngine.cpp.o
[1030/5062] Linking CXX shared library Userland/Libraries/LibCodeComprehension/Cpp/libcppcomprehension.so.serenity
[1031/5062] Creating library symlink Userland/Libraries/LibCodeComprehension/Cpp/libcppcomprehension.so
[1032/5062] Building CXX object Userland/Libraries/LibCore/CMakeFiles/LibCore.dir/Socket.cpp.o
[1033/5062] Building CXX object Userland/Libraries/LibCodeComprehension/Cpp/CMakeFiles/CppComprehensionTests.dir/CppComprehensionEngine.cpp.o
[1034/5062] Building CXX object Userland/Libraries/LibCore/CMakeFiles/LibCore.dir/SessionManagement.cpp.o
[1035/5062] Building CXX object Userland/Libraries/LibCore/CMakeFiles/LibCore.dir/System.cpp.o
[1036/5062] Building CXX object Userland/Libraries/LibCore/CMakeFiles/LibCore.dir/SystemServerTakeover.cpp.o
[1037/5062] Building CXX object Userland/Libraries/LibCore/CMakeFiles/LibCore.dir/TCPServer.cpp.o
[1038/5062] Building CXX object Userland/Libraries/LibCore/CMakeFiles/LibCore.dir/TempFile.cpp.o
[1039/5062] Building CXX object Userland/Libraries/LibCore/CMakeFiles/LibCore.dir/Timer.cpp.o
[1040/5062] Building CXX object Userland/Libraries/LibCore/CMakeFiles/LibCore.dir/UDPServer.cpp.o
[1041/5062] Building CXX object Userland/Libraries/LibCore/CMakeFiles/LibCore.dir/Version.cpp.o
[1042/5062] Building CXX object Userland/Libraries/LibCore/CMakeFiles/LibCore.dir/StandardPaths.cpp.o
[1043/5062] Building CXX object Userland/Libraries/LibCore/CMakeFiles/LibCore.dir/MimeData.cpp.o
[1044/5062] Building CXX object Userland/Libraries/LibCore/CMakeFiles/LibCore.dir/FilePermissionsMask.cpp.o
[1045/5062] Building CXX object Userland/Libraries/LibCore/CMakeFiles/LibCore.dir/GetPassword.cpp.o
[1046/5062] Building CXX object Userland/Libraries/LibCore/CMakeFiles/LibCore.dir/Group.cpp.o
[1047/5062] Building CXX object Userland/Libraries/LibCore/CMakeFiles/LibCore.dir/LocalServer.cpp.o
[1048/5062] Building CXX object Userland/Libraries/LibCore/CMakeFiles/LibCore.dir/SOCKSProxyClient.cpp.o
[1049/5062] Building CXX object Userland/Libraries/LibCore/CMakeFiles/LibCore.dir/Account.cpp.o
[1050/5062] Building CXX object Userland/Libraries/LibCoredump/CMakeFiles/LibCoredump.dir/Inspector.cpp.o
[1051/5062] Building CXX object Userland/Libraries/LibCpp/CMakeFiles/LibCpp.dir/AST.cpp.o
[1052/5062] Building CXX object Userland/Libraries/LibCore/CMakeFiles/LibCore.dir/FileWatcherSerenity.cpp.o
[1053/5062] Building CXX object Userland/Libraries/LibCpp/CMakeFiles/LibCpp.dir/Lexer.cpp.o
[1054/5062] Building CXX object Userland/Libraries/LibCpp/CMakeFiles/LibCpp.dir/Parser.cpp.o
[1055/5062] Building CXX object Userland/Libraries/LibCpp/CMakeFiles/LibCpp.dir/Token.cpp.o
[1056/5062] Building CXX object Userland/Libraries/LibCpp/CMakeFiles/LibCpp.dir/Preprocessor.cpp.o
[1057/5062] Building CXX object Userland/Libraries/LibCpp/CMakeFiles/LibCpp.dir/SyntaxHighlighter.cpp.o
[1058/5062] Building CXX object Userland/Libraries/LibCrypt/CMakeFiles/LibCrypt.dir/crypt.cpp.o
[1059/5062] Linking CXX shared library Userland/Libraries/LibCrypt/libcrypt.so.serenity
[1060/5062] Creating library symlink Userland/Libraries/LibCrypt/libcrypt.so
[1061/5062] Linking CXX shared library Userland/Libraries/LibCore/libcore.so.serenity
[1062/5062] Creating library symlink Userland/Libraries/LibCore/libcore.so
[1063/5062] Linking CXX shared library Userland/DevTools/HackStudio/LanguageServers/liblanguageserver.so.serenity
[1064/5062] Creating library symlink Userland/DevTools/HackStudio/LanguageServers/liblanguageserver.so
[1065/5062] Linking CXX shared library Userland/Libraries/LibArchive/libarchive.so.serenity
[1066/5062] Creating library symlink Userland/Libraries/LibArchive/libarchive.so
[1067/5062] Linking CXX shared library Userland/Libraries/LibChess/libchess.so.serenity
[1068/5062] Creating library symlink Userland/Libraries/LibChess/libchess.so
[1069/5062] Building CXX object Userland/Libraries/LibCrypto/CMakeFiles/LibCrypto.dir/Authentication/GHash.cpp.o
[1070/5062] Building CXX object Userland/Libraries/LibCoredump/CMakeFiles/LibCoredump.dir/Backtrace.cpp.o
[1071/5062] Building CXX object Userland/Libraries/LibCrypto/CMakeFiles/LibCrypto.dir/ASN1/DER.cpp.o
[1072/5062] Building CXX object Userland/Libraries/LibCrypto/CMakeFiles/LibCrypto.dir/ASN1/PEM.cpp.o
[1073/5062] Building CXX object Userland/Libraries/LibCrypto/CMakeFiles/LibCrypto.dir/Authentication/Poly1305.cpp.o
[1074/5062] Building CXX object Userland/Libraries/LibCrypto/CMakeFiles/LibCrypto.dir/BigFraction/BigFraction.cpp.o
[1075/5062] Building CXX object Userland/Libraries/LibCrypto/CMakeFiles/LibCrypto.dir/BigInt/Algorithms/BitwiseOperations.cpp.o
[1076/5062] Building CXX object Userland/Libraries/LibCrypto/CMakeFiles/LibCrypto.dir/BigInt/Algorithms/Division.cpp.o
[1077/5062] Building CXX object Userland/Libraries/LibCrypto/CMakeFiles/LibCrypto.dir/BigInt/Algorithms/GCD.cpp.o
[1078/5062] Building CXX object Userland/Libraries/LibCrypto/CMakeFiles/LibCrypto.dir/BigInt/Algorithms/ModularInverse.cpp.o
[1079/5062] Building CXX object Userland/Libraries/LibCrypto/CMakeFiles/LibCrypto.dir/BigInt/Algorithms/ModularPower.cpp.o
[1080/5062] Building CXX object Userland/Libraries/LibCrypto/CMakeFiles/LibCrypto.dir/BigInt/Algorithms/Multiplication.cpp.o
[1081/5062] Building CXX object Userland/Libraries/LibCrypto/CMakeFiles/LibCrypto.dir/BigInt/Algorithms/SimpleOperations.cpp.o
[1082/5062] Building CXX object Userland/Libraries/LibCrypto/CMakeFiles/LibCrypto.dir/BigInt/SignedBigInteger.cpp.o
[1083/5062] Building CXX object Userland/Libraries/LibCrypto/CMakeFiles/LibCrypto.dir/BigInt/UnsignedBigInteger.cpp.o
[1084/5062] Building CXX object Userland/Libraries/LibCrypto/CMakeFiles/LibCrypto.dir/NumberTheory/ModularFunctions.cpp.o
[1085/5062] Building CXX object Userland/Libraries/LibCrypto/CMakeFiles/LibCrypto.dir/Checksum/Adler32.cpp.o
[1086/5062] Building CXX object Userland/Libraries/LibCrypto/CMakeFiles/LibCrypto.dir/Checksum/CRC32.cpp.o
[1087/5062] Building CXX object Userland/Libraries/LibCrypto/CMakeFiles/LibCrypto.dir/Cipher/AES.cpp.o
[1088/5062] Building CXX object Userland/Libraries/LibCrypto/CMakeFiles/LibCrypto.dir/Cipher/ChaCha20.cpp.o
[1089/5062] Building CXX object Userland/Libraries/LibCrypto/CMakeFiles/LibCrypto.dir/Curves/Curve25519.cpp.o
[1090/5062] Building CXX object Userland/Libraries/LibCrypto/CMakeFiles/LibCrypto.dir/Curves/Ed25519.cpp.o
[1091/5062] Building CXX object Userland/Libraries/LibCrypto/CMakeFiles/LibCrypto.dir/Curves/SECP256r1.cpp.o
[1092/5062] Building CXX object Userland/Libraries/LibCrypto/CMakeFiles/LibCrypto.dir/Curves/X25519.cpp.o
[1093/5062] Building CXX object Userland/Libraries/LibCrypto/CMakeFiles/LibCrypto.dir/Curves/X448.cpp.o
[1094/5062] Building CXX object Userland/Libraries/LibCrypto/CMakeFiles/LibCrypto.dir/Hash/MD5.cpp.o
[1095/5062] Building CXX object Userland/Libraries/LibCrypto/CMakeFiles/LibCrypto.dir/Hash/SHA1.cpp.o
[1096/5062] Building CXX object Userland/Libraries/LibCrypto/CMakeFiles/LibCrypto.dir/Hash/SHA2.cpp.o
[1097/5062] Building CXX object Userland/Libraries/LibCrypto/CMakeFiles/LibCrypto.dir/PK/RSA.cpp.o
[1098/5062] Building CXX object Userland/Libraries/LibDebug/CMakeFiles/LibDebug.dir/Dwarf/AbbreviationsMap.cpp.o
[1099/5062] Linking CXX shared library Userland/Libraries/LibCrypto/libcrypto.so.serenity
[1100/5062] Creating library symlink Userland/Libraries/LibCrypto/libcrypto.so
[1101/5062] Linking CXX shared library Userland/Libraries/LibCompress/libcompress.so.serenity
[1102/5062] Creating library symlink Userland/Libraries/LibCompress/libcompress.so
[1103/5062] Building CXX object Userland/Libraries/LibCoredump/CMakeFiles/LibCoredump.dir/Reader.cpp.o
[1104/5062] Building CXX object Userland/Libraries/LibDebug/CMakeFiles/LibDebug.dir/Dwarf/AddressRanges.cpp.o
[1105/5062] Building CXX object Userland/Libraries/LibDebug/CMakeFiles/LibDebug.dir/Dwarf/AttributeValue.cpp.o
[1106/5062] Building CXX object Userland/Libraries/LibDebug/CMakeFiles/LibDebug.dir/Dwarf/CompilationUnit.cpp.o
[1107/5062] Building CXX object Userland/Libraries/LibDebug/CMakeFiles/LibDebug.dir/Dwarf/DIE.cpp.o
[1108/5062] Building CXX object Userland/Libraries/LibDebug/CMakeFiles/LibDebug.dir/Dwarf/DwarfInfo.cpp.o
[1109/5062] Building CXX object Userland/Libraries/LibDebug/CMakeFiles/LibDebug.dir/Dwarf/Expression.cpp.o
[1110/5062] Building CXX object Userland/Libraries/LibDebug/CMakeFiles/LibDebug.dir/Dwarf/LineProgram.cpp.o
[1111/5062] Building CXX object Userland/Libraries/LibDebug/CMakeFiles/LibDebug.dir/ProcessInspector.cpp.o
[1112/5062] Building CXX object Userland/Libraries/LibDebug/CMakeFiles/LibDebug.dir/StackFrameUtils.cpp.o
[1113/5062] Building CXX object Userland/Libraries/LibDeviceTree/CMakeFiles/LibDeviceTree.dir/FlattenedDeviceTree.cpp.o
[1114/5062] Building CXX object Userland/Libraries/LibDeviceTree/CMakeFiles/LibDeviceTree.dir/Validation.cpp.o
[1115/5062] Linking CXX shared library Userland/Libraries/LibDeviceTree/libDeviceTree.so.serenity
[1116/5062] Creating library symlink Userland/Libraries/LibDeviceTree/libDeviceTree.so
[1117/5062] Building CXX object Userland/Libraries/LibDiff/CMakeFiles/LibDiff.dir/Format.cpp.o
[1118/5062] Building CXX object Userland/Libraries/LibDiff/CMakeFiles/LibDiff.dir/Generator.cpp.o
[1119/5062] Building CXX object Userland/Libraries/LibDiff/CMakeFiles/LibDiff.dir/Hunks.cpp.o
[1120/5062] Linking CXX shared library Userland/Libraries/LibDiff/libdiff.so.serenity
[1121/5062] Creating library symlink Userland/Libraries/LibDiff/libdiff.so
[1122/5062] Building CXX object Userland/Libraries/LibDNS/CMakeFiles/LibDNS.dir/Answer.cpp.o
[1123/5062] Building CXX object Userland/Libraries/LibDNS/CMakeFiles/LibDNS.dir/Name.cpp.o
[1124/5062] Building CXX object Userland/Libraries/LibDNS/CMakeFiles/LibDNS.dir/Packet.cpp.o
[1125/5062] Building CXX object Userland/Libraries/LibDSP/CMakeFiles/LibDSP.dir/Keyboard.cpp.o
[1126/5062] Building CXX object Userland/Libraries/LibDSP/CMakeFiles/LibDSP.dir/Clip.cpp.o
[1127/5062] Building CXX object Userland/Libraries/LibDSP/CMakeFiles/LibDSP.dir/Effects.cpp.o
[1128/5062] Building CXX object Userland/Libraries/LibDSP/CMakeFiles/LibDSP.dir/Synthesizers.cpp.o
[1129/5062] Building CXX object Userland/Libraries/LibDSP/CMakeFiles/LibDSP.dir/Track.cpp.o
[1130/5062] Linking CXX shared library Userland/Libraries/LibDSP/libdsp.so.serenity
[1131/5062] Creating library symlink Userland/Libraries/LibDSP/libdsp.so
[1132/5062] Building CXX object Userland/Libraries/LibEDID/CMakeFiles/LibEDID.dir/PnpIDs.cpp.o
[1133/5062] Building CXX object Userland/Libraries/LibEDID/CMakeFiles/LibEDID.dir/DMT.cpp.o
[1134/5062] Building CXX object Userland/Libraries/LibEDID/CMakeFiles/LibEDID.dir/EDID.cpp.o
[1135/5062] Building CXX object Userland/Libraries/LibEDID/CMakeFiles/LibEDID.dir/VIC.cpp.o
[1136/5062] Linking CXX shared library Userland/Libraries/LibEDID/libedid.so.serenity
[1137/5062] Creating library symlink Userland/Libraries/LibEDID/libedid.so
[1138/5062] Building CXX object Userland/Libraries/LibCpp/CMakeFiles/LibCpp.dir/SemanticSyntaxHighlighter.cpp.o
[1139/5062] Building CXX object Userland/Libraries/LibGemini/CMakeFiles/LibGemini.dir/Document.cpp.o
FAILED: Userland/Libraries/LibGemini/CMakeFiles/LibGemini.dir/Document.cpp.o 
/usr/bin/ccache /home/d4gobert/devel/serenity/Toolchain/Local/x86_64/bin/x86_64-pc-serenity-g++ --sysroot=/home/d4gobert/devel/serenity/Build/x86_64/Root -DENABLE_COMPILETIME_FORMAT_CHECK -DLibGemini_EXPORTS -DSANITIZE_PTRS -I/home/d4gobert/devel/serenity/. -I/home/d4gobert/devel/serenity/Userland/Libraries -I/home/d4gobert/devel/serenity/Userland/Libraries/LibC -I/home/d4gobert/devel/serenity/Userland/Libraries/LibCrypt -I/home/d4gobert/devel/serenity/Userland/Libraries/LibSystem -I/home/d4gobert/devel/serenity/Userland/Services -I/home/d4gobert/devel/serenity/Userland -I/home/d4gobert/devel/serenity/Build/x86_64 -I/home/d4gobert/devel/serenity/Build/x86_64/Userland/Services -I/home/d4gobert/devel/serenity/Build/x86_64/Userland/Libraries -I/home/d4gobert/devel/serenity/Build/x86_64/Userland -pie -fpic -std=c++20 -fPIC -fdiagnostics-color=always -Wall -Wextra -Werror -Wno-address-of-packed-member -Wcast-qual -Wdeprecated-copy -Wduplicated-cond -Wformat=2 -Wimplicit-fallthrough -Wlogical-op -Wmisleading-indentation -Wmissing-declarations -Wnon-virtual-dtor -Wsuggest-override -Wno-unknown-warning-option -Wundef -Wunused -Wno-unused-command-line-argument -Wwrite-strings -fdiagnostics-color=always -fno-delete-null-pointer-checks -ffile-prefix-map=/home/d4gobert/devel/serenity=. -fno-exceptions -fno-semantic-interposition -fsized-deallocation -fstack-clash-protection -fstack-protector-strong -gdwarf-4 -g1 -Wno-literal-suffix -Wno-maybe-uninitialized -Wno-expansion-to-defined -Wcast-align -Wdouble-promotion -O2 -MD -MT Userland/Libraries/LibGemini/CMakeFiles/LibGemini.dir/Document.cpp.o -MF Userland/Libraries/LibGemini/CMakeFiles/LibGemini.dir/Document.cpp.o.d -o Userland/Libraries/LibGemini/CMakeFiles/LibGemini.dir/Document.cpp.o -c /home/d4gobert/devel/serenity/Userland/Libraries/LibGemini/Document.cpp
/home/d4gobert/devel/serenity/Userland/Libraries/LibGemini/Document.cpp: In member function 'AK::DeprecatedString Gemini::Document::render_to_html() const':
/home/d4gobert/devel/serenity/Userland/Libraries/LibGemini/Document.cpp:21:24: error: no matching function for call to 'AK::StringBuilder::append(AK::ErrorOr<AK::String>)'
   21 |     html_builder.append(m_url.path());
      |     ~~~~~~~~~~~~~~~~~~~^~~~~~~~~~~~~~
In file included from /home/d4gobert/devel/serenity/./AK/DeprecatedString.h:12,
                 from /home/d4gobert/devel/serenity/Userland/Libraries/LibGemini/Document.cpp:7:
/home/d4gobert/devel/serenity/./AK/StringBuilder.h:43:10: note: candidate: 'void AK::StringBuilder::append(AK::StringView)'
   43 |     void append(StringView);
      |          ^~~~~~
/home/d4gobert/devel/serenity/./AK/StringBuilder.h:43:17: note:   no known conversion for argument 1 from 'AK::ErrorOr<AK::String>' to 'AK::StringView'
   43 |     void append(StringView);
      |                 ^~~~~~~~~~
/home/d4gobert/devel/serenity/./AK/StringBuilder.h:45:10: note: candidate: 'void AK::StringBuilder::append(const AK::Utf16View&)'
   45 |     void append(Utf16View const&);
      |          ^~~~~~
/home/d4gobert/devel/serenity/./AK/StringBuilder.h:45:17: note:   no known conversion for argument 1 from 'AK::ErrorOr<AK::String>' to 'const AK::Utf16View&'
   45 |     void append(Utf16View const&);
      |                 ^~~~~~~~~~~~~~~~
/home/d4gobert/devel/serenity/./AK/StringBuilder.h:47:10: note: candidate: 'void AK::StringBuilder::append(const AK::Utf32View&)'
   47 |     void append(Utf32View const&);
      |          ^~~~~~
/home/d4gobert/devel/serenity/./AK/StringBuilder.h:47:17: note:   no known conversion for argument 1 from 'AK::ErrorOr<AK::String>' to 'const AK::Utf32View&'
   47 |     void append(Utf32View const&);
      |                 ^~~~~~~~~~~~~~~~
/home/d4gobert/devel/serenity/./AK/StringBuilder.h:48:10: note: candidate: 'void AK::StringBuilder::append(char)'
   48 |     void append(char);
      |          ^~~~~~
/home/d4gobert/devel/serenity/./AK/StringBuilder.h:48:17: note:   no known conversion for argument 1 from 'AK::ErrorOr<AK::String>' to 'char'
   48 |     void append(char);
      |                 ^~~~
/home/d4gobert/devel/serenity/./AK/StringBuilder.h:50:10: note: candidate: 'void AK::StringBuilder::append(const char*, size_t)'
   50 |     void append(char const*, size_t);
      |          ^~~~~~
/home/d4gobert/devel/serenity/./AK/StringBuilder.h:50:10: note:   candidate expects 2 arguments, 1 provided
At global scope:
cc1plus: note: unrecognized command-line option '-Wno-unused-command-line-argument' may have been intended to silence earlier diagnostics
cc1plus: note: unrecognized command-line option '-Wno-unknown-warning-option' may have been intended to silence earlier diagnostics
[1140/5062] Building CXX object Userland/Libraries/LibGemini/CMakeFiles/LibGemini.dir/GeminiRequest.cpp.o
[1141/5062] Building CXX object Userland/Libraries/LibDebug/CMakeFiles/LibDebug.dir/DebugInfo.cpp.o
[1142/5062] Building CXX object Userland/Libraries/LibDebug/CMakeFiles/LibDebug.dir/DebugSession.cpp.o
ninja: build stopped: subcommand failed.
FAILED: serenity-prefix/src/serenity-stamp/serenity-build /home/d4gobert/devel/serenity/Build/superbuild-x86_64/serenity-prefix/src/serenity-stamp/serenity-build 
cd /home/d4gobert/devel/serenity/Build/x86_64 && /usr/bin/cmake --build .
ninja: build stopped: subcommand failed.
